/usr/userfs/a/az579/Workspace/EMBS/FPGA/P7/implementation/system.ngc 1457709496
/usr/userfs/a/az579/Workspace/EMBS/FPGA/P7/implementation/system_microblaze_0_wrapper.ngc 1457709257
/usr/userfs/a/az579/Workspace/EMBS/FPGA/P7/implementation/system_mb_plb_wrapper.ngc 1457709257
/usr/userfs/a/az579/Workspace/EMBS/FPGA/P7/implementation/system_ilmb_wrapper.ngc 1457709257
/usr/userfs/a/az579/Workspace/EMBS/FPGA/P7/implementation/system_dlmb_wrapper.ngc 1457709257
/usr/userfs/a/az579/Workspace/EMBS/FPGA/P7/implementation/system_dlmb_cntlr_wrapper.ngc 1457709257
/usr/userfs/a/az579/Workspace/EMBS/FPGA/P7/implementation/system_ilmb_cntlr_wrapper.ngc 1457709257
/usr/userfs/a/az579/Workspace/EMBS/FPGA/P7/implementation/system_lmb_bram_wrapper.ngc 1457709257
/usr/userfs/a/az579/Workspace/EMBS/FPGA/P7/implementation/system_rs232_dce_wrapper.ngc 1457709257
/usr/userfs/a/az579/Workspace/EMBS/FPGA/P7/implementation/system_leds_8bit_wrapper.ngc 1457709257
/usr/userfs/a/az579/Workspace/EMBS/FPGA/P7/implementation/system_dip_switches_4bit_wrapper.ngc 1457709257
/usr/userfs/a/az579/Workspace/EMBS/FPGA/P7/implementation/system_buttons_4bit_wrapper.ngc 1457709257
/usr/userfs/a/az579/Workspace/EMBS/FPGA/P7/implementation/system_ddr_sdram_wrapper.ngc 1457709258
/usr/userfs/a/az579/Workspace/EMBS/FPGA/P7/implementation/system_ethernet_mac_wrapper.ngc 1457709258
/usr/userfs/a/az579/Workspace/EMBS/FPGA/P7/implementation/system_clock_generator_0_wrapper.ngc 1457709338
/usr/userfs/a/az579/Workspace/EMBS/FPGA/P7/implementation/system_mdm_0_wrapper.ngc 1457709258
/usr/userfs/a/az579/Workspace/EMBS/FPGA/P7/implementation/system_proc_sys_reset_0_wrapper.ngc 1457709258
/usr/userfs/a/az579/Workspace/EMBS/FPGA/P7/implementation/system_toplevel_top_0_wrapper.ngc 1457709302
/usr/userfs/a/az579/Workspace/EMBS/FPGA/P7/implementation/system_toplevel_top_1_wrapper.ngc 1457709332
/usr/userfs/a/az579/Workspace/EMBS/FPGA/P7/implementation/system_embs_vga_0_wrapper.ngc 1457709258
OK
