12:10:57 **** Auto Build of configuration Debug for project bla ****
make all 
Building file: ../src/main.c
Invoking: MicroBlaze gcc compiler
mb-gcc -Wall -O0 -g3 -c -fmessage-length=0 -I../../standalone_bsp_0/microblaze_0/include -mxl-barrel-shift -mxl-pattern-compare -mcpu=v8.50.c -mno-xl-soft-mul -Wl,--no-relax -ffunction-sections -fdata-sections -MMD -MP -MF"src/main.d" -MT"src/main.d" -o "src/main.o" "../src/main.c"
Finished building: ../src/main.c
 
Building target: bla.elf
Invoking: MicroBlaze gcc linker
mb-gcc -Wl,-T -Wl,../src/lscript.ld -L../../standalone_bsp_0/microblaze_0/lib -mxl-barrel-shift -mxl-pattern-compare -mcpu=v8.50.c -mno-xl-soft-mul -Wl,--no-relax -Wl,--gc-sections -o "bla.elf"  ./src/main.o   -Wl,--start-group,-lxil,-lgcc,-lc,--end-group
Finished building target: bla.elf
 
Invoking: MicroBlaze Print Size
mb-size bla.elf  |tee "bla.elf.size"
   text	   data	    bss	    dec	    hex	filename
   3150	    268	   2084	   5502	   157e	bla.elf
Finished building: bla.elf.size
 
Invoking: Xilinx ELF Check
elfcheck bla.elf -hw ../../T2_hw_platform/system.xml -pe microblaze_0  |tee "bla.elf.elfcheck"
elfcheck
Xilinx EDK 14.7 Build EDK_P.20131013
Copyright (c) 1995-2012 Xilinx, Inc.  All rights reserved.

Command Line: elfcheck -hw ../../T2_hw_platform/system.xml -pe microblaze_0
bla.elf 

ELF file	: bla.elf
elfcheck passed.
Finished building: bla.elf.elfcheck
 

12:10:58 Build Finished (took 1s.475ms)

