

================================================================
== Vivado HLS Report for 'toplevel'
================================================================
* Date:           Thu Feb 18 12:02:18 2016

* Version:        2015.4 (Build 1412921 on Wed Nov 18 09:58:55 AM 2015)
* Project:        bla
* Solution:       solution1
* Product family: spartan3e
* Target device:  xc3s1600efg320-4


================================================================
== Performance Estimates
================================================================
+ Timing (ns): 
    * Summary: 
    +--------+-------+----------+------------+
    |  Clock | Target| Estimated| Uncertainty|
    +--------+-------+----------+------------+
    |ap_clk  |  20.00|     16.88|        2.50|
    +--------+-------+----------+------------+

+ Latency (clock cycles): 
    * Summary: 
    +-----+-----+-----+-----+---------+
    |  Latency  |  Interval | Pipeline|
    | min | max | min | max |   Type  |
    +-----+-----+-----+-----+---------+
    |   41|   41|   42|   42|   none  |
    +-----+-----+-----+-----+---------+

    + Detail: 
        * Instance: 
        N/A

        * Loop: 
        N/A



================================================================
== Utilization Estimates
================================================================
* Summary: 
+-----------------+---------+-------+-------+----------+
|       Name      | BRAM_18K|   FF  |  LUT  | MULT18x18|
+-----------------+---------+-------+-------+----------+
|DSP              |        -|      -|      -|         -|
|Expression       |        -|      0|   1664|         -|
|FIFO             |        -|      -|      -|         -|
|Instance         |        -|      -|      -|         -|
|Memory           |        -|      -|      -|         -|
|Multiplexer      |        -|      -|    158|         -|
|Register         |        -|    874|      -|         -|
+-----------------+---------+-------+-------+----------+
|Total            |        0|    874|   1822|         0|
+-----------------+---------+-------+-------+----------+
|Available        |       36|  29504|  29504|        36|
+-----------------+---------+-------+-------+----------+
|Utilization (%)  |        0|      2|      6|         0|
+-----------------+---------+-------+-------+----------+

+ Detail: 
    * Instance: 
    N/A

    * DSP48: 
    N/A

    * Memory: 
    N/A

    * FIFO: 
    N/A

    * Expression: 
    +------------------------+----------+-------+---+----+------------+------------+
    |      Variable Name     | Operation| DSP48E| FF| LUT| Bitwidth P0| Bitwidth P1|
    +------------------------+----------+-------+---+----+------------+------------+
    |grp_fu_133_p2           |     +    |      0|  0|  32|          32|          32|
    |grp_fu_139_p2           |     +    |      0|  0|  32|          32|          32|
    |grp_fu_145_p2           |     +    |      0|  0|  32|          32|          32|
    |grp_fu_155_p2           |     +    |      0|  0|  32|          32|          32|
    |grp_fu_165_p2           |     +    |      0|  0|  32|          32|          32|
    |tmp19_fu_665_p2         |     +    |      0|  0|  32|          32|          32|
    |tmp1_fu_290_p2          |     +    |      0|  0|  32|          32|          32|
    |tmp2_fu_221_p2          |     +    |      0|  0|  32|          32|          32|
    |tmp3_fu_205_p2          |     +    |      0|  0|  32|          32|          32|
    |tmp4_fu_216_p2          |     +    |      0|  0|  32|          32|          32|
    |tmp5_fu_211_p2          |     +    |      0|  0|  32|          32|          32|
    |tmp_V_41_fu_670_p2      |     +    |      0|  0|  32|          32|          32|
    |tmp_fu_434_p2           |     +    |      0|  0|  32|          32|          32|
    |tmp_V_fu_659_p2         |     -    |      0|  0|  32|          32|          32|
    |total_V_2_10_fu_353_p2  |     -    |      0|  0|  32|          32|          32|
    |total_V_2_11_fu_358_p2  |     -    |      0|  0|  32|          32|          32|
    |total_V_2_12_fu_364_p2  |     -    |      0|  0|  32|          32|          32|
    |total_V_2_13_fu_382_p2  |     -    |      0|  0|  32|          32|          32|
    |total_V_2_14_fu_387_p2  |     -    |      0|  0|  32|          32|          32|
    |total_V_2_15_fu_411_p2  |     -    |      0|  0|  32|          32|          32|
    |total_V_2_16_fu_416_p2  |     -    |      0|  0|  32|          32|          32|
    |total_V_2_17_fu_422_p2  |     -    |      0|  0|  32|          32|          32|
    |total_V_2_18_fu_445_p2  |     -    |      0|  0|  32|          32|          32|
    |total_V_2_19_fu_450_p2  |     -    |      0|  0|  32|          32|          32|
    |total_V_2_1_fu_233_p2   |     -    |      0|  0|  32|          32|          32|
    |total_V_2_20_fu_474_p2  |     -    |      0|  0|  32|          32|          32|
    |total_V_2_21_fu_479_p2  |     -    |      0|  0|  32|          32|          32|
    |total_V_2_22_fu_485_p2  |     -    |      0|  0|  32|          32|          32|
    |total_V_2_23_fu_503_p2  |     -    |      0|  0|  32|          32|          32|
    |total_V_2_24_fu_508_p2  |     -    |      0|  0|  32|          32|          32|
    |total_V_2_25_fu_532_p2  |     -    |      0|  0|  32|          32|          32|
    |total_V_2_26_fu_537_p2  |     -    |      0|  0|  32|          32|          32|
    |total_V_2_27_fu_543_p2  |     -    |      0|  0|  32|          32|          32|
    |total_V_2_28_fu_561_p2  |     -    |      0|  0|  32|          32|          32|
    |total_V_2_29_fu_566_p2  |     -    |      0|  0|  32|          32|          32|
    |total_V_2_2_fu_238_p2   |     -    |      0|  0|  32|          32|          32|
    |total_V_2_30_fu_590_p2  |     -    |      0|  0|  32|          32|          32|
    |total_V_2_31_fu_595_p2  |     -    |      0|  0|  32|          32|          32|
    |total_V_2_32_fu_601_p2  |     -    |      0|  0|  32|          32|          32|
    |total_V_2_33_fu_619_p2  |     -    |      0|  0|  32|          32|          32|
    |total_V_2_34_fu_624_p2  |     -    |      0|  0|  32|          32|          32|
    |total_V_2_35_fu_648_p2  |     -    |      0|  0|  32|          32|          32|
    |total_V_2_36_fu_653_p2  |     -    |      0|  0|  32|          32|          32|
    |total_V_2_3_fu_243_p2   |     -    |      0|  0|  32|          32|          32|
    |total_V_2_4_fu_261_p2   |     -    |      0|  0|  32|          32|          32|
    |total_V_2_5_fu_266_p2   |     -    |      0|  0|  32|          32|          32|
    |total_V_2_6_fu_295_p2   |     -    |      0|  0|  32|          32|          32|
    |total_V_2_7_fu_300_p2   |     -    |      0|  0|  32|          32|          32|
    |total_V_2_8_fu_306_p2   |     -    |      0|  0|  32|          32|          32|
    |total_V_2_9_fu_324_p2   |     -    |      0|  0|  32|          32|          32|
    |total_V_2_fu_227_p2     |     -    |      0|  0|  32|          32|          32|
    |total_V_2_s_fu_329_p2   |     -    |      0|  0|  32|          32|          32|
    +------------------------+----------+-------+---+----+------------+------------+
    |Total                   |          |      0|  0|1664|        1664|        1664|
    +------------------------+----------+-------+---+----+------------+------------+

    * Multiplexer: 
    +----------------+-----+-----------+-----+-----------+
    |      Name      | LUT | Input Size| Bits| Total Bits|
    +----------------+-----+-----------+-----+-----------+
    |ap_NS_fsm       |  126|         43|    1|         43|
    |output_V_V_din  |   32|          3|   32|         96|
    +----------------+-----+-----------+-----+-----------+
    |Total           |  158|         46|   33|        139|
    +----------------+-----+-----------+-----+-----------+

    * Register: 
    +----------------------+----+----+-----+-----------+
    |         Name         | FF | LUT| Bits| Const Bits|
    +----------------------+----+----+-----+-----------+
    |ap_CS_fsm             |  42|   0|   42|          0|
    |reg_125               |  32|   0|   32|          0|
    |reg_129               |  32|   0|   32|          0|
    |reg_151               |  32|   0|   32|          0|
    |reg_161               |  32|   0|   32|          0|
    |reg_171               |  32|   0|   32|          0|
    |tmp1_reg_703          |  32|   0|   32|          0|
    |tmp29_reg_773         |  32|   0|   32|          0|
    |tmp2_reg_688          |  32|   0|   32|          0|
    |tmp_V_2_reg_676       |  32|   0|   32|          0|
    |tmp_V_3_reg_682       |  32|   0|   32|          0|
    |tmp_V_reg_778         |  32|   0|   32|          0|
    |tmp_reg_733           |  32|   0|   32|          0|
    |total_V_2_12_reg_718  |  32|   0|   32|          0|
    |total_V_2_14_reg_723  |  32|   0|   32|          0|
    |total_V_2_17_reg_728  |  32|   0|   32|          0|
    |total_V_2_19_reg_738  |  32|   0|   32|          0|
    |total_V_2_22_reg_743  |  32|   0|   32|          0|
    |total_V_2_24_reg_748  |  32|   0|   32|          0|
    |total_V_2_27_reg_753  |  32|   0|   32|          0|
    |total_V_2_29_reg_758  |  32|   0|   32|          0|
    |total_V_2_32_reg_763  |  32|   0|   32|          0|
    |total_V_2_34_reg_768  |  32|   0|   32|          0|
    |total_V_2_3_reg_693   |  32|   0|   32|          0|
    |total_V_2_5_reg_698   |  32|   0|   32|          0|
    |total_V_2_8_reg_708   |  32|   0|   32|          0|
    |total_V_2_s_reg_713   |  32|   0|   32|          0|
    +----------------------+----+----+-----+-----------+
    |Total                 | 874|   0|  874|          0|
    +----------------------+----+----+-----+-----------+



================================================================
== Interface
================================================================
* Summary: 
+-------------------+-----+-----+--------------+--------------+--------------+
|     RTL Ports     | Dir | Bits|   Protocol   | Source Object|    C Type    |
+-------------------+-----+-----+--------------+--------------+--------------+
|ap_clk             |  in |    1| ap_ctrl_none |   toplevel   | return value |
|ap_rst             |  in |    1| ap_ctrl_none |   toplevel   | return value |
|input_V_V_dout     |  in |   32|    ap_fifo   |   input_V_V  |    pointer   |
|input_V_V_empty_n  |  in |    1|    ap_fifo   |   input_V_V  |    pointer   |
|input_V_V_read     | out |    1|    ap_fifo   |   input_V_V  |    pointer   |
|output_V_V_din     | out |   32|    ap_fifo   |  output_V_V  |    pointer   |
|output_V_V_full_n  |  in |    1|    ap_fifo   |  output_V_V  |    pointer   |
|output_V_V_write   | out |    1|    ap_fifo   |  output_V_V  |    pointer   |
+-------------------+-----+-----+--------------+--------------+--------------+

