13:44:10 **** Build of project standalone_bsp_0 ****
make -k all 
Finished building libraries
13:44:10 **** Clean-only build of configuration Debug for project firmware ****
make clean 
rm -rf  ./src/main.o  ./src/main.d  firmware.elf.size  firmware.elf.elfcheck  firmware.elf
 
13:44:11 **** Build of configuration Debug for project firmware ****
make all 
Building file: ../src/main.c
Invoking: MicroBlaze gcc compiler
mb-gcc -Wall -O0 -g3 -c -fmessage-length=0 -I../../standalone_bsp_0/microblaze_0/include -mxl-barrel-shift -mxl-pattern-compare -mcpu=v8.50.c -mno-xl-soft-mul -Wl,--no-relax -ffunction-sections -fdata-sections -MMD -MP -MF"src/main.d" -MT"src/main.d" -o "src/main.o" "../src/main.c"
Finished building: ../src/main.c
 
Building file: ../.metadata/.plugins/org.eclipse.cdt.make.core/specs.c
Invoking: MicroBlaze gcc compiler
mb-gcc -Wall -O0 -g3 -c -fmessage-length=0 -I../../standalone_bsp_0/microblaze_0/include -mxl-barrel-shift -mxl-pattern-compare -mcpu=v8.50.c -mno-xl-soft-mul -Wl,--no-relax -ffunction-sections -fdata-sections -MMD -MP -MF".metadata/.plugins/org.eclipse.cdt.make.core/specs.d" -MT".metadata/.plugins/org.eclipse.cdt.make.core/specs.d" -o ".metadata/.plugins/org.eclipse.cdt.make.core/specs.o" "../.metadata/.plugins/org.eclipse.cdt.make.core/specs.c"
Finished building: ../.metadata/.plugins/org.eclipse.cdt.make.core/specs.c
 
Building target: firmware.elf
Invoking: MicroBlaze gcc linker
mb-gcc -Wl,-T -Wl,../src/lscript.ld -L../../standalone_bsp_0/microblaze_0/lib -mxl-barrel-shift -mxl-pattern-compare -mcpu=v8.50.c -mno-xl-soft-mul -Wl,--no-relax -Wl,--gc-sections -o "firmware.elf"  ./src/main.o  ./.metadata/.plugins/org.eclipse.cdt.make.core/specs.o   -Wl,--start-group,-lxil,-lgcc,-lc,--end-group
Finished building target: firmware.elf
 
Invoking: MicroBlaze Print Size
mb-size firmware.elf  |tee "firmware.elf.size"
   text	   data	    bss	    dec	    hex	filename
   8406	    288	   2088	  10782	   2a1e	firmware.elf
Finished building: firmware.elf.size
 
Invoking: Xilinx ELF Check
elfcheck firmware.elf -hw ../../P6_hw_platform/system.xml -pe microblaze_0  |tee "firmware.elf.elfcheck"
elfcheck
Xilinx EDK 14.7 Build EDK_P.20131013
Copyright (c) 1995-2012 Xilinx, Inc.  All rights reserved.

Command Line: elfcheck -hw ../../P6_hw_platform/system.xml -pe microblaze_0
firmware.elf 

ELF file	: firmware.elf
elfcheck passed.
Finished building: firmware.elf.elfcheck
 
13:44:43 **** Auto Build of project standalone_bsp_0 ****
make -k all 
Finished building libraries
13:45:04 **** Auto Build of project standalone_bsp_0 ****
make -k all 
Finished building libraries
13:45:32 **** Clean-only build of project standalone_bsp_0 ****
make -k clean 
rm -rf microblaze_0
13:45:33 **** Build of project standalone_bsp_0 ****
make -k all 
libgen -hw ../P6_hw_platform/system.xml\
	       \
	       -pe microblaze_0 \
	       -log libgen.log \
	       system.mss
libgen
Xilinx EDK 14.7 Build EDK_P.20131013
Copyright (c) 1995-2012 Xilinx, Inc.  All rights reserved.

Command Line: libgen -hw ../P6_hw_platform/system.xml -pe microblaze_0 -log
libgen.log system.mss 


Staging source files.
Running DRCs.
Running generate.
Running post_generate.
Running include - 'gmake -s include "COMPILER=mb-gcc" "ARCHIVER=mb-ar"
"COMPILER_FLAGS=-mno-xl-soft-mul -mxl-barrel-shift -mxl-pattern-compare
-mcpu=v8.50.c  -O2 -c" "EXTRA_COMPILER_FLAGS=-g -ffunction-sections
-fdata-sections"'.

Running libs - 'gmake -s libs "COMPILER=mb-gcc" "ARCHIVER=mb-ar"
"COMPILER_FLAGS=-mno-xl-soft-mul -mxl-barrel-shift -mxl-pattern-compare
-mcpu=v8.50.c  -O2 -c" "EXTRA_COMPILER_FLAGS=-g -ffunction-sections
-fdata-sections"'.
Compiling common
Compiling lldma
Compiling standalone
Compiling gpio
Compiling mpmc
Compiling bram
Compiling uartlite
Compiling tmrctr
Compiling cpu
Running execs_generate.
Finished building libraries
13:46:01 **** Build of configuration Release for project firmware ****
make all 
Building file: ../src/main.c
Invoking: MicroBlaze gcc compiler
mb-gcc -Wall -O2 -c -fmessage-length=0 -I../../standalone_bsp_0/microblaze_0/include -mxl-barrel-shift -mxl-pattern-compare -mcpu=v8.50.c -mno-xl-soft-mul -Wl,--no-relax -ffunction-sections -fdata-sections -MMD -MP -MF"src/main.d" -MT"src/main.d" -o "src/main.o" "../src/main.c"
../src/main.c: In function 'main':
../src/main.c:39:11: warning: 'pack' may be used uninitialized in this function [-Wuninitialized]
Finished building: ../src/main.c
 
Building file: ../.metadata/.plugins/org.eclipse.cdt.make.core/specs.c
Invoking: MicroBlaze gcc compiler
mb-gcc -Wall -O2 -c -fmessage-length=0 -I../../standalone_bsp_0/microblaze_0/include -mxl-barrel-shift -mxl-pattern-compare -mcpu=v8.50.c -mno-xl-soft-mul -Wl,--no-relax -ffunction-sections -fdata-sections -MMD -MP -MF".metadata/.plugins/org.eclipse.cdt.make.core/specs.d" -MT".metadata/.plugins/org.eclipse.cdt.make.core/specs.d" -o ".metadata/.plugins/org.eclipse.cdt.make.core/specs.o" "../.metadata/.plugins/org.eclipse.cdt.make.core/specs.c"
Finished building: ../.metadata/.plugins/org.eclipse.cdt.make.core/specs.c
 
Building target: firmware.elf
Invoking: MicroBlaze gcc linker
mb-gcc -Wl,-T -Wl,../src/lscript.ld -L../../standalone_bsp_0/microblaze_0/lib -mxl-barrel-shift -mxl-pattern-compare -mcpu=v8.50.c -mno-xl-soft-mul -Wl,--no-relax -Wl,--gc-sections -o "firmware.elf"  ./src/main.o  ./.metadata/.plugins/org.eclipse.cdt.make.core/specs.o   -Wl,--start-group,-lxil,-lgcc,-lc,--end-group
Finished building target: firmware.elf
 
Invoking: MicroBlaze Print Size
mb-size firmware.elf  |tee "firmware.elf.size"
   text	   data	    bss	    dec	    hex	filename
   7554	    288	   2094	   9936	   26d0	firmware.elf
Finished building: firmware.elf.size
 
Invoking: Xilinx ELF Check
elfcheck firmware.elf -hw ../../P6_hw_platform/system.xml -pe microblaze_0  |tee "firmware.elf.elfcheck"
elfcheck
Xilinx EDK 14.7 Build EDK_P.20131013
Copyright (c) 1995-2012 Xilinx, Inc.  All rights reserved.

Command Line: elfcheck -hw ../../P6_hw_platform/system.xml -pe microblaze_0
firmware.elf 

ELF file	: firmware.elf
elfcheck passed.
Finished building: firmware.elf.elfcheck
 
13:46:12 **** Auto Build of project standalone_bsp_0 ****
make -k all 
Finished building libraries
13:46:34 **** Auto Build of project standalone_bsp_0 ****
make -k all 
Finished building libraries
16:07:00 **** Clean-only build of configuration Release for project firmware ****
make clean 
rm -rf  ./src/main.o  ./.metadata/.plugins/org.eclipse.cdt.make.core/specs.o  ./src/main.d  ./.metadata/.plugins/org.eclipse.cdt.make.core/specs.d  firmware.elf.size  firmware.elf.elfcheck  firmware.elf
 
16:07:01 **** Clean-only build of project standalone_bsp_0 ****
make -k clean 
rm -rf microblaze_0
16:07:02 **** Build of project standalone_bsp_0 ****
make -k all 
libgen -hw ../P6_hw_platform/system.xml\
	       \
	       -pe microblaze_0 \
	       -log libgen.log \
	       system.mss
libgen
Xilinx EDK 14.7 Build EDK_P.20131013
Copyright (c) 1995-2012 Xilinx, Inc.  All rights reserved.

Command Line: libgen -hw ../P6_hw_platform/system.xml -pe microblaze_0 -log
libgen.log system.mss 


Staging source files.
Running DRCs.
Running generate.
Running post_generate.
Running include - 'gmake -s include "COMPILER=mb-gcc" "ARCHIVER=mb-ar"
"COMPILER_FLAGS=-mno-xl-soft-mul -mxl-barrel-shift -mxl-pattern-compare
-mcpu=v8.50.c  -O2 -c" "EXTRA_COMPILER_FLAGS=-g -ffunction-sections
-fdata-sections"'.

Running libs - 'gmake -s libs "COMPILER=mb-gcc" "ARCHIVER=mb-ar"
"COMPILER_FLAGS=-mno-xl-soft-mul -mxl-barrel-shift -mxl-pattern-compare
-mcpu=v8.50.c  -O2 -c" "EXTRA_COMPILER_FLAGS=-g -ffunction-sections
-fdata-sections"'.
Compiling common
Compiling lldma
Compiling standalone
Compiling gpio
Compiling mpmc
Compiling bram
Compiling uartlite
Compiling tmrctr
Compiling cpu
Running execs_generate.
Finished building libraries
16:07:32 **** Auto Build of project standalone_bsp_0 ****
make -k all 
Finished building libraries
16:07:33 **** Clean-only build of configuration Release for project firmware ****
make clean 
rm -rf  ./src/main.o  ./.metadata/.plugins/org.eclipse.cdt.make.core/specs.o  ./src/main.d  ./.metadata/.plugins/org.eclipse.cdt.make.core/specs.d  firmware.elf.size  firmware.elf.elfcheck  firmware.elf
 
16:07:33 **** Build of configuration Release for project firmware ****
make all 
Building file: ../src/main.c
Invoking: MicroBlaze gcc compiler
mb-gcc -Wall -O2 -c -fmessage-length=0 -I../../standalone_bsp_0/microblaze_0/include -mxl-barrel-shift -mxl-pattern-compare -mcpu=v8.50.c -mno-xl-soft-mul -Wl,--no-relax -ffunction-sections -fdata-sections -MMD -MP -MF"src/main.d" -MT"src/main.d" -o "src/main.o" "../src/main.c"
../src/main.c: In function 'main':
../src/main.c:39:11: warning: 'pack' may be used uninitialized in this function [-Wuninitialized]
Finished building: ../src/main.c
 
Building file: ../.metadata/.plugins/org.eclipse.cdt.make.core/specs.c
Invoking: MicroBlaze gcc compiler
mb-gcc -Wall -O2 -c -fmessage-length=0 -I../../standalone_bsp_0/microblaze_0/include -mxl-barrel-shift -mxl-pattern-compare -mcpu=v8.50.c -mno-xl-soft-mul -Wl,--no-relax -ffunction-sections -fdata-sections -MMD -MP -MF".metadata/.plugins/org.eclipse.cdt.make.core/specs.d" -MT".metadata/.plugins/org.eclipse.cdt.make.core/specs.d" -o ".metadata/.plugins/org.eclipse.cdt.make.core/specs.o" "../.metadata/.plugins/org.eclipse.cdt.make.core/specs.c"
Finished building: ../.metadata/.plugins/org.eclipse.cdt.make.core/specs.c
 
Building target: firmware.elf
Invoking: MicroBlaze gcc linker
mb-gcc -Wl,-T -Wl,../src/lscript.ld -L../../standalone_bsp_0/microblaze_0/lib -mxl-barrel-shift -mxl-pattern-compare -mcpu=v8.50.c -mno-xl-soft-mul -Wl,--no-relax -Wl,--gc-sections -o "firmware.elf"  ./src/main.o  ./.metadata/.plugins/org.eclipse.cdt.make.core/specs.o   -Wl,--start-group,-lxil,-lgcc,-lc,--end-group
Finished building target: firmware.elf
 
Invoking: MicroBlaze Print Size
mb-size firmware.elf  |tee "firmware.elf.size"
   text	   data	    bss	    dec	    hex	filename
   7554	    288	   2094	   9936	   26d0	firmware.elf
Finished building: firmware.elf.size
 
Invoking: Xilinx ELF Check
elfcheck firmware.elf -hw ../../P6_hw_platform/system.xml -pe microblaze_0  |tee "firmware.elf.elfcheck"
elfcheck
Xilinx EDK 14.7 Build EDK_P.20131013
Copyright (c) 1995-2012 Xilinx, Inc.  All rights reserved.

Command Line: elfcheck -hw ../../P6_hw_platform/system.xml -pe microblaze_0
firmware.elf 

ELF file	: firmware.elf
elfcheck passed.
Finished building: firmware.elf.elfcheck
 
16:07:45 **** Incremental Build of configuration Release for project firmware ****
make all 
make: Nothing to be done for `all'.
16:07:55 **** Auto Build of project standalone_bsp_0 ****
make -k all 
Finished building libraries
16:09:38 **** Auto Build of project standalone_bsp_0 ****
make -k all 
Finished building libraries
16:09:40 **** Auto Build of project standalone_bsp_0 ****
make -k all 
Finished building libraries
16:09:47 **** Auto Build of project standalone_bsp_0 ****
make -k all 
Finished building libraries
