13:09:05 **** Build of project standalone_bsp_0 ****
make -k all 
libgen -hw ../P3_hw_platform/system.xml\
	       \
	       -pe microblaze_0 \
	       -log libgen.log \
	       system.mss
libgen
Xilinx EDK 14.7 Build EDK_P.20131013
Copyright (c) 1995-2012 Xilinx, Inc.  All rights reserved.

Command Line: libgen -hw ../P3_hw_platform/system.xml -pe microblaze_0 -log
libgen.log system.mss 


Staging source files.
Running DRCs.
Running generate.
Running post_generate.
Running include - 'gmake -s include "COMPILER=mb-gcc" "ARCHIVER=mb-ar"
"COMPILER_FLAGS=-mno-xl-soft-mul -mxl-barrel-shift -mxl-pattern-compare
-mcpu=v8.50.c  -O2 -c" "EXTRA_COMPILER_FLAGS=-g -ffunction-sections
-fdata-sections"'.

Running libs - 'gmake -s libs "COMPILER=mb-gcc" "ARCHIVER=mb-ar"
"COMPILER_FLAGS=-mno-xl-soft-mul -mxl-barrel-shift -mxl-pattern-compare
-mcpu=v8.50.c  -O2 -c" "EXTRA_COMPILER_FLAGS=-g -ffunction-sections
-fdata-sections"'.
Compiling common
Compiling lldma
Compiling standalone
Compiling gpio
Compiling mpmc
Compiling bram
Compiling emaclite
Compiling uartlite
Compiling tmrctr
Compiling cpu
Running execs_generate.
Finished building libraries
13:09:35 **** Build of configuration Debug for project bla ****
make all 
Building file: ../src/helloworld.c
Invoking: MicroBlaze gcc compiler
mb-gcc -Wall -O0 -g3 -c -fmessage-length=0 -I../../standalone_bsp_0/microblaze_0/include -mxl-barrel-shift -mxl-pattern-compare -mcpu=v8.50.c -mno-xl-soft-mul -Wl,--no-relax -ffunction-sections -fdata-sections -MMD -MP -MF"src/helloworld.d" -MT"src/helloworld.d" -o "src/helloworld.o" "../src/helloworld.c"
Finished building: ../src/helloworld.c
 
Building file: ../src/platform.c
Invoking: MicroBlaze gcc compiler
mb-gcc -Wall -O0 -g3 -c -fmessage-length=0 -I../../standalone_bsp_0/microblaze_0/include -mxl-barrel-shift -mxl-pattern-compare -mcpu=v8.50.c -mno-xl-soft-mul -Wl,--no-relax -ffunction-sections -fdata-sections -MMD -MP -MF"src/platform.d" -MT"src/platform.d" -o "src/platform.o" "../src/platform.c"
Finished building: ../src/platform.c
 
Building target: bla.elf
Invoking: MicroBlaze gcc linker
mb-gcc -Wl,-T -Wl,../src/lscript.ld -L../../standalone_bsp_0/microblaze_0/lib -mxl-barrel-shift -mxl-pattern-compare -mcpu=v8.50.c -mno-xl-soft-mul -Wl,--no-relax -Wl,--gc-sections -o "bla.elf"  ./src/helloworld.o ./src/platform.o   -Wl,--start-group,-lxil,-lgcc,-lc,--end-group
Finished building target: bla.elf
 
Invoking: MicroBlaze Print Size
mb-size bla.elf  |tee "bla.elf.size"
   text	   data	    bss	    dec	    hex	filename
   2174	    268	   2084	   4526	   11ae	bla.elf
Finished building: bla.elf.size
 
Invoking: Xilinx ELF Check
elfcheck bla.elf -hw ../../P3_hw_platform/system.xml -pe microblaze_0  |tee "bla.elf.elfcheck"
elfcheck
Xilinx EDK 14.7 Build EDK_P.20131013
Copyright (c) 1995-2012 Xilinx, Inc.  All rights reserved.

Command Line: elfcheck -hw ../../P3_hw_platform/system.xml -pe microblaze_0
bla.elf 

ELF file	: bla.elf
elfcheck passed.
Finished building: bla.elf.elfcheck
 

**** Build of configuration Debug for project bla ****

Nothing to build for project bla
13:10:26 **** Auto Build of configuration Debug for project bla ****
make all 
Building file: ../src/main.c
Invoking: MicroBlaze gcc compiler
mb-gcc -Wall -O0 -g3 -c -fmessage-length=0 -I../../standalone_bsp_0/microblaze_0/include -mxl-barrel-shift -mxl-pattern-compare -mcpu=v8.50.c -mno-xl-soft-mul -Wl,--no-relax -ffunction-sections -fdata-sections -MMD -MP -MF"src/main.d" -MT"src/main.d" -o "src/main.o" "../src/main.c"
Finished building: ../src/main.c
 
Building target: bla.elf
Invoking: MicroBlaze gcc linker
mb-gcc -Wl,-T -Wl,../src/lscript.ld -L../../standalone_bsp_0/microblaze_0/lib -mxl-barrel-shift -mxl-pattern-compare -mcpu=v8.50.c -mno-xl-soft-mul -Wl,--no-relax -Wl,--gc-sections -o "bla.elf"  ./src/main.o   -Wl,--start-group,-lxil,-lgcc,-lc,--end-group
/opt/york/cs/net/xilinx_vivado-2015.4_ise-14.7_x86-64-1/14.7/ISE_DS/EDK/gnu/microblaze/lin/bin/../lib/gcc/microblaze-xilinx-elf/4.6.4/../../../../microblaze-xilinx-elf/lib/bs/m/crtinit.o: In function `_crtinit':
(.text+0x78): undefined reference to `main'
collect2: ld returned 1 exit status
make: *** [bla.elf] Error 1
13:19:44 **** Auto Build of configuration Debug for project bla ****
make all 
Building file: ../src/main.c
Invoking: MicroBlaze gcc compiler
mb-gcc -Wall -O0 -g3 -c -fmessage-length=0 -I../../standalone_bsp_0/microblaze_0/include -mxl-barrel-shift -mxl-pattern-compare -mcpu=v8.50.c -mno-xl-soft-mul -Wl,--no-relax -ffunction-sections -fdata-sections -MMD -MP -MF"src/main.d" -MT"src/main.d" -o "src/main.o" "../src/main.c"
../src/main.c:12:20: warning: initialization makes pointer from integer without a cast [enabled by default]
../src/main.c:12:1: error: initializer element is not constant
../src/main.c:13:20: warning: initialization makes pointer from integer without a cast [enabled by default]
../src/main.c:13:1: error: initializer element is not constant
make: *** [src/main.o] Error 1
13:20:37 **** Auto Build of configuration Debug for project bla ****
make all 
Building file: ../src/main.c
Invoking: MicroBlaze gcc compiler
mb-gcc -Wall -O0 -g3 -c -fmessage-length=0 -I../../standalone_bsp_0/microblaze_0/include -mxl-barrel-shift -mxl-pattern-compare -mcpu=v8.50.c -mno-xl-soft-mul -Wl,--no-relax -ffunction-sections -fdata-sections -MMD -MP -MF"src/main.d" -MT"src/main.d" -o "src/main.o" "../src/main.c"
../src/main.c: In function 'main':
../src/main.c:20:24: warning: initialization makes pointer from integer without a cast [enabled by default]
../src/main.c:21:24: warning: initialization makes pointer from integer without a cast [enabled by default]
../src/main.c:20:10: warning: unused variable 'tmit_buffer' [-Wunused-variable]
../src/main.c: In function 'send_frame':
../src/main.c:53:18: error: 'tmit_buffer' undeclared (first use in this function)
../src/main.c:53:18: note: each undeclared identifier is reported only once for each function it appears in
make: *** [src/main.o] Error 1
13:23:43 **** Auto Build of configuration Debug for project bla ****
make all 
Building file: ../src/main.c
Invoking: MicroBlaze gcc compiler
mb-gcc -Wall -O0 -g3 -c -fmessage-length=0 -I../../standalone_bsp_0/microblaze_0/include -mxl-barrel-shift -mxl-pattern-compare -mcpu=v8.50.c -mno-xl-soft-mul -Wl,--no-relax -ffunction-sections -fdata-sections -MMD -MP -MF"src/main.d" -MT"src/main.d" -o "src/main.o" "../src/main.c"
../src/main.c: In function 'main':
../src/main.c:20:24: warning: initialization makes pointer from integer without a cast [enabled by default]
../src/main.c:21:24: warning: initialization makes pointer from integer without a cast [enabled by default]
../src/main.c:20:10: warning: unused variable 'tmit_buffer' [-Wunused-variable]
../src/main.c: In function 'send_frame':
../src/main.c:53:18: error: 'tmit_buffer' undeclared (first use in this function)
../src/main.c:53:18: note: each undeclared identifier is reported only once for each function it appears in
make: *** [src/main.o] Error 1
13:26:42 **** Auto Build of configuration Debug for project bla ****
make all 
Building file: ../src/main.c
Invoking: MicroBlaze gcc compiler
mb-gcc -Wall -O0 -g3 -c -fmessage-length=0 -I../../standalone_bsp_0/microblaze_0/include -mxl-barrel-shift -mxl-pattern-compare -mcpu=v8.50.c -mno-xl-soft-mul -Wl,--no-relax -ffunction-sections -fdata-sections -MMD -MP -MF"src/main.d" -MT"src/main.d" -o "src/main.o" "../src/main.c"
../src/main.c: In function 'main':
../src/main.c:20:24: warning: initialization makes pointer from integer without a cast [enabled by default]
../src/main.c:21:24: warning: initialization makes pointer from integer without a cast [enabled by default]
../src/main.c:20:10: warning: unused variable 'tmit_buffer' [-Wunused-variable]
../src/main.c: In function 'send_frame':
../src/main.c:53:18: error: 'tmit_buffer' undeclared (first use in this function)
../src/main.c:53:18: note: each undeclared identifier is reported only once for each function it appears in
make: *** [src/main.o] Error 1
13:26:44 **** Auto Build of configuration Debug for project bla ****
make all 
Building file: ../src/main.c
Invoking: MicroBlaze gcc compiler
mb-gcc -Wall -O0 -g3 -c -fmessage-length=0 -I../../standalone_bsp_0/microblaze_0/include -mxl-barrel-shift -mxl-pattern-compare -mcpu=v8.50.c -mno-xl-soft-mul -Wl,--no-relax -ffunction-sections -fdata-sections -MMD -MP -MF"src/main.d" -MT"src/main.d" -o "src/main.o" "../src/main.c"
../src/main.c: In function 'main':
../src/main.c:18:24: warning: initialization makes pointer from integer without a cast [enabled by default]
../src/main.c:19:24: warning: initialization makes pointer from integer without a cast [enabled by default]
../src/main.c:18:10: warning: unused variable 'tmit_buffer' [-Wunused-variable]
../src/main.c: In function 'send_frame':
../src/main.c:51:18: error: 'tmit_buffer' undeclared (first use in this function)
../src/main.c:51:18: note: each undeclared identifier is reported only once for each function it appears in
make: *** [src/main.o] Error 1
13:26:50 **** Auto Build of configuration Debug for project bla ****
make all 
Building file: ../src/main.c
Invoking: MicroBlaze gcc compiler
mb-gcc -Wall -O0 -g3 -c -fmessage-length=0 -I../../standalone_bsp_0/microblaze_0/include -mxl-barrel-shift -mxl-pattern-compare -mcpu=v8.50.c -mno-xl-soft-mul -Wl,--no-relax -ffunction-sections -fdata-sections -MMD -MP -MF"src/main.d" -MT"src/main.d" -o "src/main.o" "../src/main.c"
../src/main.c: In function 'main':
../src/main.c:17:24: warning: initialization makes pointer from integer without a cast [enabled by default]
../src/main.c:18:24: warning: initialization makes pointer from integer without a cast [enabled by default]
../src/main.c:17:10: warning: unused variable 'tmit_buffer' [-Wunused-variable]
../src/main.c: In function 'send_frame':
../src/main.c:50:18: error: 'tmit_buffer' undeclared (first use in this function)
../src/main.c:50:18: note: each undeclared identifier is reported only once for each function it appears in
make: *** [src/main.o] Error 1
13:28:09 **** Auto Build of configuration Debug for project bla ****
make all 
Building file: ../src/main.c
Invoking: MicroBlaze gcc compiler
mb-gcc -Wall -O0 -g3 -c -fmessage-length=0 -I../../standalone_bsp_0/microblaze_0/include -mxl-barrel-shift -mxl-pattern-compare -mcpu=v8.50.c -mno-xl-soft-mul -Wl,--no-relax -ffunction-sections -fdata-sections -MMD -MP -MF"src/main.d" -MT"src/main.d" -o "src/main.o" "../src/main.c"
../src/main.c: In function 'main':
../src/main.c:15:24: warning: initialization makes pointer from integer without a cast [enabled by default]
../src/main.c:16:24: warning: initialization makes pointer from integer without a cast [enabled by default]
../src/main.c:15:10: warning: unused variable 'tmit_buffer' [-Wunused-variable]
Finished building: ../src/main.c
 
Building target: bla.elf
Invoking: MicroBlaze gcc linker
mb-gcc -Wl,-T -Wl,../src/lscript.ld -L../../standalone_bsp_0/microblaze_0/lib -mxl-barrel-shift -mxl-pattern-compare -mcpu=v8.50.c -mno-xl-soft-mul -Wl,--no-relax -Wl,--gc-sections -o "bla.elf"  ./src/main.o   -Wl,--start-group,-lxil,-lgcc,-lc,--end-group
Finished building target: bla.elf
 
Invoking: MicroBlaze Print Size
mb-size bla.elf  |tee "bla.elf.size"
   text	   data	    bss	    dec	    hex	filename
   8174	    296	   2128	  10598	   2966	bla.elf
Finished building: bla.elf.size
 
Invoking: Xilinx ELF Check
elfcheck bla.elf -hw ../../P3_hw_platform/system.xml -pe microblaze_0  |tee "bla.elf.elfcheck"
elfcheck
Xilinx EDK 14.7 Build EDK_P.20131013
Copyright (c) 1995-2012 Xilinx, Inc.  All rights reserved.

Command Line: elfcheck -hw ../../P3_hw_platform/system.xml -pe microblaze_0
bla.elf 

ELF file	: bla.elf
elfcheck passed.
Finished building: bla.elf.elfcheck
 
13:29:00 **** Auto Build of configuration Debug for project bla ****
make all 
Building file: ../src/main.c
Invoking: MicroBlaze gcc compiler
mb-gcc -Wall -O0 -g3 -c -fmessage-length=0 -I../../standalone_bsp_0/microblaze_0/include -mxl-barrel-shift -mxl-pattern-compare -mcpu=v8.50.c -mno-xl-soft-mul -Wl,--no-relax -ffunction-sections -fdata-sections -MMD -MP -MF"src/main.d" -MT"src/main.d" -o "src/main.o" "../src/main.c"
../src/main.c: In function 'main':
../src/main.c:15:24: warning: initialization makes pointer from integer without a cast [enabled by default]
../src/main.c:16:24: warning: initialization makes pointer from integer without a cast [enabled by default]
Finished building: ../src/main.c
 
Building target: bla.elf
Invoking: MicroBlaze gcc linker
mb-gcc -Wl,-T -Wl,../src/lscript.ld -L../../standalone_bsp_0/microblaze_0/lib -mxl-barrel-shift -mxl-pattern-compare -mcpu=v8.50.c -mno-xl-soft-mul -Wl,--no-relax -Wl,--gc-sections -o "bla.elf"  ./src/main.o   -Wl,--start-group,-lxil,-lgcc,-lc,--end-group
Finished building target: bla.elf
 
Invoking: MicroBlaze Print Size
mb-size bla.elf  |tee "bla.elf.size"
   text	   data	    bss	    dec	    hex	filename
   8178	    296	   2134	  10608	   2970	bla.elf
Finished building: bla.elf.size
 
Invoking: Xilinx ELF Check
elfcheck bla.elf -hw ../../P3_hw_platform/system.xml -pe microblaze_0  |tee "bla.elf.elfcheck"
elfcheck
Xilinx EDK 14.7 Build EDK_P.20131013
Copyright (c) 1995-2012 Xilinx, Inc.  All rights reserved.

Command Line: elfcheck -hw ../../P3_hw_platform/system.xml -pe microblaze_0
bla.elf 

ELF file	: bla.elf
elfcheck passed.
Finished building: bla.elf.elfcheck
 
13:29:57 **** Incremental Build of configuration Debug for project bla ****
make all 
make: Nothing to be done for `all'.
13:31:10 **** Incremental Build of configuration Debug for project bla ****
make all 
Building target: bla.elf
Invoking: MicroBlaze gcc linker
mb-gcc -Wl,-T -Wl,../src/lscript.ld -L../../standalone_bsp_0/microblaze_0/lib -mxl-barrel-shift -mxl-pattern-compare -mcpu=v8.50.c -mno-xl-soft-mul -Wl,--no-relax -Wl,--gc-sections -o "bla.elf"  ./src/main.o   -Wl,--start-group,-lxil,-lgcc,-lc,--end-group
Finished building target: bla.elf
 
Invoking: MicroBlaze Print Size
mb-size bla.elf  |tee "bla.elf.size"
   text	   data	    bss	    dec	    hex	filename
   8178	    296	   2134	  10608	   2970	bla.elf
Finished building: bla.elf.size
 
Invoking: Xilinx ELF Check
elfcheck bla.elf -hw ../../P3_hw_platform/system.xml -pe microblaze_0  |tee "bla.elf.elfcheck"
elfcheck
Xilinx EDK 14.7 Build EDK_P.20131013
Copyright (c) 1995-2012 Xilinx, Inc.  All rights reserved.

Command Line: elfcheck -hw ../../P3_hw_platform/system.xml -pe microblaze_0
bla.elf 

ELF file	: bla.elf
elfcheck passed.
Finished building: bla.elf.elfcheck
 
13:31:18 **** Auto Build of project standalone_bsp_0 ****
make -k all 
Finished building libraries
13:34:09 **** Auto Build of project standalone_bsp_0 ****
make -k all 
Finished building libraries
13:37:06 **** Auto Build of project standalone_bsp_0 ****
make -k all 
Finished building libraries
13:42:59 **** Auto Build of configuration Debug for project bla ****
make all 
Building file: ../src/main.c
Invoking: MicroBlaze gcc compiler
mb-gcc -Wall -O0 -g3 -c -fmessage-length=0 -I../../standalone_bsp_0/microblaze_0/include -mxl-barrel-shift -mxl-pattern-compare -mcpu=v8.50.c -mno-xl-soft-mul -Wl,--no-relax -ffunction-sections -fdata-sections -MMD -MP -MF"src/main.d" -MT"src/main.d" -o "src/main.o" "../src/main.c"
../src/main.c: In function 'main':
../src/main.c:15:24: warning: initialization makes pointer from integer without a cast [enabled by default]
../src/main.c:16:24: warning: initialization makes pointer from integer without a cast [enabled by default]
Finished building: ../src/main.c
 
Building target: bla.elf
Invoking: MicroBlaze gcc linker
mb-gcc -Wl,-T -Wl,../src/lscript.ld -L../../standalone_bsp_0/microblaze_0/lib -mxl-barrel-shift -mxl-pattern-compare -mcpu=v8.50.c -mno-xl-soft-mul -Wl,--no-relax -Wl,--gc-sections -o "bla.elf"  ./src/main.o   -Wl,--start-group,-lxil,-lgcc,-lc,--end-group
Finished building target: bla.elf
 
Invoking: MicroBlaze Print Size
mb-size bla.elf  |tee "bla.elf.size"
   text	   data	    bss	    dec	    hex	filename
   8306	    296	   2134	  10736	   29f0	bla.elf
Finished building: bla.elf.size
 
Invoking: Xilinx ELF Check
elfcheck bla.elf -hw ../../P3_hw_platform/system.xml -pe microblaze_0  |tee "bla.elf.elfcheck"
elfcheck
Xilinx EDK 14.7 Build EDK_P.20131013
Copyright (c) 1995-2012 Xilinx, Inc.  All rights reserved.

Command Line: elfcheck -hw ../../P3_hw_platform/system.xml -pe microblaze_0
bla.elf 

ELF file	: bla.elf
elfcheck passed.
Finished building: bla.elf.elfcheck
 
13:43:12 **** Auto Build of configuration Debug for project bla ****
make all 
Building file: ../src/main.c
Invoking: MicroBlaze gcc compiler
mb-gcc -Wall -O0 -g3 -c -fmessage-length=0 -I../../standalone_bsp_0/microblaze_0/include -mxl-barrel-shift -mxl-pattern-compare -mcpu=v8.50.c -mno-xl-soft-mul -Wl,--no-relax -ffunction-sections -fdata-sections -MMD -MP -MF"src/main.d" -MT"src/main.d" -o "src/main.o" "../src/main.c"
../src/main.c: In function 'main':
../src/main.c:15:24: warning: initialization makes pointer from integer without a cast [enabled by default]
../src/main.c:16:24: warning: initialization makes pointer from integer without a cast [enabled by default]
Finished building: ../src/main.c
 
Building target: bla.elf
Invoking: MicroBlaze gcc linker
mb-gcc -Wl,-T -Wl,../src/lscript.ld -L../../standalone_bsp_0/microblaze_0/lib -mxl-barrel-shift -mxl-pattern-compare -mcpu=v8.50.c -mno-xl-soft-mul -Wl,--no-relax -Wl,--gc-sections -o "bla.elf"  ./src/main.o   -Wl,--start-group,-lxil,-lgcc,-lc,--end-group
Finished building target: bla.elf
 
Invoking: MicroBlaze Print Size
mb-size bla.elf  |tee "bla.elf.size"
   text	   data	    bss	    dec	    hex	filename
   8370	    296	   2134	  10800	   2a30	bla.elf
Finished building: bla.elf.size
 
Invoking: Xilinx ELF Check
elfcheck bla.elf -hw ../../P3_hw_platform/system.xml -pe microblaze_0  |tee "bla.elf.elfcheck"
elfcheck
Xilinx EDK 14.7 Build EDK_P.20131013
Copyright (c) 1995-2012 Xilinx, Inc.  All rights reserved.

Command Line: elfcheck -hw ../../P3_hw_platform/system.xml -pe microblaze_0
bla.elf 

ELF file	: bla.elf
elfcheck passed.
Finished building: bla.elf.elfcheck
 
13:43:21 **** Auto Build of project standalone_bsp_0 ****
make -k all 
Finished building libraries
13:44:05 **** Auto Build of project standalone_bsp_0 ****
make -k all 
Finished building libraries
13:46:57 **** Auto Build of configuration Debug for project bla ****
make all 
Building file: ../src/main.c
Invoking: MicroBlaze gcc compiler
mb-gcc -Wall -O0 -g3 -c -fmessage-length=0 -I../../standalone_bsp_0/microblaze_0/include -mxl-barrel-shift -mxl-pattern-compare -mcpu=v8.50.c -mno-xl-soft-mul -Wl,--no-relax -ffunction-sections -fdata-sections -MMD -MP -MF"src/main.d" -MT"src/main.d" -o "src/main.o" "../src/main.c"
../src/main.c: In function 'main':
../src/main.c:15:24: warning: initialization makes pointer from integer without a cast [enabled by default]
../src/main.c:16:24: warning: initialization makes pointer from integer without a cast [enabled by default]
Finished building: ../src/main.c
 
Building target: bla.elf
Invoking: MicroBlaze gcc linker
mb-gcc -Wl,-T -Wl,../src/lscript.ld -L../../standalone_bsp_0/microblaze_0/lib -mxl-barrel-shift -mxl-pattern-compare -mcpu=v8.50.c -mno-xl-soft-mul -Wl,--no-relax -Wl,--gc-sections -o "bla.elf"  ./src/main.o   -Wl,--start-group,-lxil,-lgcc,-lc,--end-group
Finished building target: bla.elf
 
Invoking: MicroBlaze Print Size
mb-size bla.elf  |tee "bla.elf.size"
   text	   data	    bss	    dec	    hex	filename
   8358	    296	   2128	  10782	   2a1e	bla.elf
Finished building: bla.elf.size
 
Invoking: Xilinx ELF Check
elfcheck bla.elf -hw ../../P3_hw_platform/system.xml -pe microblaze_0  |tee "bla.elf.elfcheck"
elfcheck
Xilinx EDK 14.7 Build EDK_P.20131013
Copyright (c) 1995-2012 Xilinx, Inc.  All rights reserved.

Command Line: elfcheck -hw ../../P3_hw_platform/system.xml -pe microblaze_0
bla.elf 

ELF file	: bla.elf
elfcheck passed.
Finished building: bla.elf.elfcheck
 
13:47:18 **** Auto Build of configuration Debug for project bla ****
make all 
Building file: ../src/main.c
Invoking: MicroBlaze gcc compiler
mb-gcc -Wall -O0 -g3 -c -fmessage-length=0 -I../../standalone_bsp_0/microblaze_0/include -mxl-barrel-shift -mxl-pattern-compare -mcpu=v8.50.c -mno-xl-soft-mul -Wl,--no-relax -ffunction-sections -fdata-sections -MMD -MP -MF"src/main.d" -MT"src/main.d" -o "src/main.o" "../src/main.c"
../src/main.c: In function 'main':
../src/main.c:15:24: warning: initialization makes pointer from integer without a cast [enabled by default]
../src/main.c:16:24: warning: initialization makes pointer from integer without a cast [enabled by default]
Finished building: ../src/main.c
 
Building target: bla.elf
Invoking: MicroBlaze gcc linker
mb-gcc -Wl,-T -Wl,../src/lscript.ld -L../../standalone_bsp_0/microblaze_0/lib -mxl-barrel-shift -mxl-pattern-compare -mcpu=v8.50.c -mno-xl-soft-mul -Wl,--no-relax -Wl,--gc-sections -o "bla.elf"  ./src/main.o   -Wl,--start-group,-lxil,-lgcc,-lc,--end-group
Finished building target: bla.elf
 
Invoking: MicroBlaze Print Size
mb-size bla.elf  |tee "bla.elf.size"
   text	   data	    bss	    dec	    hex	filename
   8358	    296	   2128	  10782	   2a1e	bla.elf
Finished building: bla.elf.size
 
Invoking: Xilinx ELF Check
elfcheck bla.elf -hw ../../P3_hw_platform/system.xml -pe microblaze_0  |tee "bla.elf.elfcheck"
elfcheck
Xilinx EDK 14.7 Build EDK_P.20131013
Copyright (c) 1995-2012 Xilinx, Inc.  All rights reserved.

Command Line: elfcheck -hw ../../P3_hw_platform/system.xml -pe microblaze_0
bla.elf 

ELF file	: bla.elf
elfcheck passed.
Finished building: bla.elf.elfcheck
 
13:47:28 **** Auto Build of project standalone_bsp_0 ****
make -k all 
Finished building libraries
13:53:47 **** Auto Build of project standalone_bsp_0 ****
make -k all 
Finished building libraries
13:55:28 **** Auto Build of configuration Debug for project bla ****
make all 
Building file: ../src/main.c
Invoking: MicroBlaze gcc compiler
mb-gcc -Wall -O0 -g3 -c -fmessage-length=0 -I../../standalone_bsp_0/microblaze_0/include -mxl-barrel-shift -mxl-pattern-compare -mcpu=v8.50.c -mno-xl-soft-mul -Wl,--no-relax -ffunction-sections -fdata-sections -MMD -MP -MF"src/main.d" -MT"src/main.d" -o "src/main.o" "../src/main.c"
../src/main.c: In function 'main':
../src/main.c:16:24: warning: initialization makes pointer from integer without a cast [enabled by default]
../src/main.c:32:16: error: 'tmit_buffer' undeclared (first use in this function)
../src/main.c:32:16: note: each undeclared identifier is reported only once for each function it appears in
make: *** [src/main.o] Error 1
13:55:34 **** Auto Build of configuration Debug for project bla ****
make all 
Building file: ../src/main.c
Invoking: MicroBlaze gcc compiler
mb-gcc -Wall -O0 -g3 -c -fmessage-length=0 -I../../standalone_bsp_0/microblaze_0/include -mxl-barrel-shift -mxl-pattern-compare -mcpu=v8.50.c -mno-xl-soft-mul -Wl,--no-relax -ffunction-sections -fdata-sections -MMD -MP -MF"src/main.d" -MT"src/main.d" -o "src/main.o" "../src/main.c"
../src/main.c: In function 'main':
../src/main.c:16:24: warning: initialization makes pointer from integer without a cast [enabled by default]
Finished building: ../src/main.c
 
Building target: bla.elf
Invoking: MicroBlaze gcc linker
mb-gcc -Wl,-T -Wl,../src/lscript.ld -L../../standalone_bsp_0/microblaze_0/lib -mxl-barrel-shift -mxl-pattern-compare -mcpu=v8.50.c -mno-xl-soft-mul -Wl,--no-relax -Wl,--gc-sections -o "bla.elf"  ./src/main.o   -Wl,--start-group,-lxil,-lgcc,-lc,--end-group
Finished building target: bla.elf
 
Invoking: MicroBlaze Print Size
mb-size bla.elf  |tee "bla.elf.size"
   text	   data	    bss	    dec	    hex	filename
   7590	    296	   2128	  10014	   271e	bla.elf
Finished building: bla.elf.size
 
Invoking: Xilinx ELF Check
elfcheck bla.elf -hw ../../P3_hw_platform/system.xml -pe microblaze_0  |tee "bla.elf.elfcheck"
elfcheck
Xilinx EDK 14.7 Build EDK_P.20131013
Copyright (c) 1995-2012 Xilinx, Inc.  All rights reserved.

Command Line: elfcheck -hw ../../P3_hw_platform/system.xml -pe microblaze_0
bla.elf 

ELF file	: bla.elf
elfcheck passed.
Finished building: bla.elf.elfcheck
 
13:55:43 **** Auto Build of project standalone_bsp_0 ****
make -k all 
Finished building libraries
13:57:24 **** Auto Build of configuration Debug for project bla ****
make all 
Building file: ../src/main.c
Invoking: MicroBlaze gcc compiler
mb-gcc -Wall -O0 -g3 -c -fmessage-length=0 -I../../standalone_bsp_0/microblaze_0/include -mxl-barrel-shift -mxl-pattern-compare -mcpu=v8.50.c -mno-xl-soft-mul -Wl,--no-relax -ffunction-sections -fdata-sections -MMD -MP -MF"src/main.d" -MT"src/main.d" -o "src/main.o" "../src/main.c"
../src/main.c: In function 'main':
../src/main.c:38:9: warning: passing argument 2 of 'XEmacLite_Recv' from incompatible pointer type [enabled by default]
../../standalone_bsp_0/microblaze_0/include/xemaclite.h:372:5: note: expected 'u8 *' but argument is of type 'u8 **'
../src/main.c:47:18: warning: initialization from incompatible pointer type [enabled by default]
Finished building: ../src/main.c
 
Building target: bla.elf
Invoking: MicroBlaze gcc linker
mb-gcc -Wl,-T -Wl,../src/lscript.ld -L../../standalone_bsp_0/microblaze_0/lib -mxl-barrel-shift -mxl-pattern-compare -mcpu=v8.50.c -mno-xl-soft-mul -Wl,--no-relax -Wl,--gc-sections -o "bla.elf"  ./src/main.o   -Wl,--start-group,-lxil,-lgcc,-lc,--end-group
Finished building target: bla.elf
 
Invoking: MicroBlaze Print Size
mb-size bla.elf  |tee "bla.elf.size"
   text	   data	    bss	    dec	    hex	filename
   7574	    296	   2128	   9998	   270e	bla.elf
Finished building: bla.elf.size
 
Invoking: Xilinx ELF Check
elfcheck bla.elf -hw ../../P3_hw_platform/system.xml -pe microblaze_0  |tee "bla.elf.elfcheck"
elfcheck
Xilinx EDK 14.7 Build EDK_P.20131013
Copyright (c) 1995-2012 Xilinx, Inc.  All rights reserved.

Command Line: elfcheck -hw ../../P3_hw_platform/system.xml -pe microblaze_0
bla.elf 

ELF file	: bla.elf
elfcheck passed.
Finished building: bla.elf.elfcheck
 
13:57:33 **** Auto Build of project standalone_bsp_0 ****
make -k all 
Finished building libraries
13:59:05 **** Auto Build of configuration Debug for project bla ****
make all 
Building file: ../src/main.c
Invoking: MicroBlaze gcc compiler
mb-gcc -Wall -O0 -g3 -c -fmessage-length=0 -I../../standalone_bsp_0/microblaze_0/include -mxl-barrel-shift -mxl-pattern-compare -mcpu=v8.50.c -mno-xl-soft-mul -Wl,--no-relax -ffunction-sections -fdata-sections -MMD -MP -MF"src/main.d" -MT"src/main.d" -o "src/main.o" "../src/main.c"
Finished building: ../src/main.c
 
Building target: bla.elf
Invoking: MicroBlaze gcc linker
mb-gcc -Wl,-T -Wl,../src/lscript.ld -L../../standalone_bsp_0/microblaze_0/lib -mxl-barrel-shift -mxl-pattern-compare -mcpu=v8.50.c -mno-xl-soft-mul -Wl,--no-relax -Wl,--gc-sections -o "bla.elf"  ./src/main.o   -Wl,--start-group,-lxil,-lgcc,-lc,--end-group
Finished building target: bla.elf
 
Invoking: MicroBlaze Print Size
mb-size bla.elf  |tee "bla.elf.size"
   text	   data	    bss	    dec	    hex	filename
   7574	    296	   2128	   9998	   270e	bla.elf
Finished building: bla.elf.size
 
Invoking: Xilinx ELF Check
elfcheck bla.elf -hw ../../P3_hw_platform/system.xml -pe microblaze_0  |tee "bla.elf.elfcheck"
elfcheck
Xilinx EDK 14.7 Build EDK_P.20131013
Copyright (c) 1995-2012 Xilinx, Inc.  All rights reserved.

Command Line: elfcheck -hw ../../P3_hw_platform/system.xml -pe microblaze_0
bla.elf 

ELF file	: bla.elf
elfcheck passed.
Finished building: bla.elf.elfcheck
 
13:59:17 **** Auto Build of project standalone_bsp_0 ****
make -k all 
Finished building libraries
13:59:35 **** Auto Build of configuration Debug for project bla ****
make all 
Building file: ../src/main.c
Invoking: MicroBlaze gcc compiler
mb-gcc -Wall -O0 -g3 -c -fmessage-length=0 -I../../standalone_bsp_0/microblaze_0/include -mxl-barrel-shift -mxl-pattern-compare -mcpu=v8.50.c -mno-xl-soft-mul -Wl,--no-relax -ffunction-sections -fdata-sections -MMD -MP -MF"src/main.d" -MT"src/main.d" -o "src/main.o" "../src/main.c"
Finished building: ../src/main.c
 
Building target: bla.elf
Invoking: MicroBlaze gcc linker
mb-gcc -Wl,-T -Wl,../src/lscript.ld -L../../standalone_bsp_0/microblaze_0/lib -mxl-barrel-shift -mxl-pattern-compare -mcpu=v8.50.c -mno-xl-soft-mul -Wl,--no-relax -Wl,--gc-sections -o "bla.elf"  ./src/main.o   -Wl,--start-group,-lxil,-lgcc,-lc,--end-group
Finished building target: bla.elf
 
Invoking: MicroBlaze Print Size
mb-size bla.elf  |tee "bla.elf.size"
   text	   data	    bss	    dec	    hex	filename
   7574	    296	   2128	   9998	   270e	bla.elf
Finished building: bla.elf.size
 
Invoking: Xilinx ELF Check
elfcheck bla.elf -hw ../../P3_hw_platform/system.xml -pe microblaze_0  |tee "bla.elf.elfcheck"
elfcheck
Xilinx EDK 14.7 Build EDK_P.20131013
Copyright (c) 1995-2012 Xilinx, Inc.  All rights reserved.

Command Line: elfcheck -hw ../../P3_hw_platform/system.xml -pe microblaze_0
bla.elf 

ELF file	: bla.elf
elfcheck passed.
Finished building: bla.elf.elfcheck
 
13:59:43 **** Auto Build of project standalone_bsp_0 ****
make -k all 
Finished building libraries
14:00:52 **** Auto Build of configuration Debug for project bla ****
make all 
Building file: ../src/main.c
Invoking: MicroBlaze gcc compiler
mb-gcc -Wall -O0 -g3 -c -fmessage-length=0 -I../../standalone_bsp_0/microblaze_0/include -mxl-barrel-shift -mxl-pattern-compare -mcpu=v8.50.c -mno-xl-soft-mul -Wl,--no-relax -ffunction-sections -fdata-sections -MMD -MP -MF"src/main.d" -MT"src/main.d" -o "src/main.o" "../src/main.c"
Finished building: ../src/main.c
 
Building target: bla.elf
Invoking: MicroBlaze gcc linker
mb-gcc -Wl,-T -Wl,../src/lscript.ld -L../../standalone_bsp_0/microblaze_0/lib -mxl-barrel-shift -mxl-pattern-compare -mcpu=v8.50.c -mno-xl-soft-mul -Wl,--no-relax -Wl,--gc-sections -o "bla.elf"  ./src/main.o   -Wl,--start-group,-lxil,-lgcc,-lc,--end-group
Finished building target: bla.elf
 
Invoking: MicroBlaze Print Size
mb-size bla.elf  |tee "bla.elf.size"
   text	   data	    bss	    dec	    hex	filename
   7574	    296	   2128	   9998	   270e	bla.elf
Finished building: bla.elf.size
 
Invoking: Xilinx ELF Check
elfcheck bla.elf -hw ../../P3_hw_platform/system.xml -pe microblaze_0  |tee "bla.elf.elfcheck"
elfcheck
Xilinx EDK 14.7 Build EDK_P.20131013
Copyright (c) 1995-2012 Xilinx, Inc.  All rights reserved.

Command Line: elfcheck -hw ../../P3_hw_platform/system.xml -pe microblaze_0
bla.elf 

ELF file	: bla.elf
elfcheck passed.
Finished building: bla.elf.elfcheck
 
14:01:05 **** Auto Build of project standalone_bsp_0 ****
make -k all 
Finished building libraries
14:01:32 **** Auto Build of configuration Debug for project bla ****
make all 
Building file: ../src/main.c
Invoking: MicroBlaze gcc compiler
mb-gcc -Wall -O0 -g3 -c -fmessage-length=0 -I../../standalone_bsp_0/microblaze_0/include -mxl-barrel-shift -mxl-pattern-compare -mcpu=v8.50.c -mno-xl-soft-mul -Wl,--no-relax -ffunction-sections -fdata-sections -MMD -MP -MF"src/main.d" -MT"src/main.d" -o "src/main.o" "../src/main.c"
Finished building: ../src/main.c
 
Building target: bla.elf
Invoking: MicroBlaze gcc linker
mb-gcc -Wl,-T -Wl,../src/lscript.ld -L../../standalone_bsp_0/microblaze_0/lib -mxl-barrel-shift -mxl-pattern-compare -mcpu=v8.50.c -mno-xl-soft-mul -Wl,--no-relax -Wl,--gc-sections -o "bla.elf"  ./src/main.o   -Wl,--start-group,-lxil,-lgcc,-lc,--end-group
Finished building target: bla.elf
 
Invoking: MicroBlaze Print Size
mb-size bla.elf  |tee "bla.elf.size"
   text	   data	    bss	    dec	    hex	filename
   7414	    296	   2128	   9838	   266e	bla.elf
Finished building: bla.elf.size
 
Invoking: Xilinx ELF Check
elfcheck bla.elf -hw ../../P3_hw_platform/system.xml -pe microblaze_0  |tee "bla.elf.elfcheck"
elfcheck
Xilinx EDK 14.7 Build EDK_P.20131013
Copyright (c) 1995-2012 Xilinx, Inc.  All rights reserved.

Command Line: elfcheck -hw ../../P3_hw_platform/system.xml -pe microblaze_0
bla.elf 

ELF file	: bla.elf
elfcheck passed.
Finished building: bla.elf.elfcheck
 
14:01:36 **** Auto Build of configuration Debug for project bla ****
make all 
Building file: ../src/main.c
Invoking: MicroBlaze gcc compiler
mb-gcc -Wall -O0 -g3 -c -fmessage-length=0 -I../../standalone_bsp_0/microblaze_0/include -mxl-barrel-shift -mxl-pattern-compare -mcpu=v8.50.c -mno-xl-soft-mul -Wl,--no-relax -ffunction-sections -fdata-sections -MMD -MP -MF"src/main.d" -MT"src/main.d" -o "src/main.o" "../src/main.c"
Finished building: ../src/main.c
 
Building target: bla.elf
Invoking: MicroBlaze gcc linker
mb-gcc -Wl,-T -Wl,../src/lscript.ld -L../../standalone_bsp_0/microblaze_0/lib -mxl-barrel-shift -mxl-pattern-compare -mcpu=v8.50.c -mno-xl-soft-mul -Wl,--no-relax -Wl,--gc-sections -o "bla.elf"  ./src/main.o   -Wl,--start-group,-lxil,-lgcc,-lc,--end-group
Finished building target: bla.elf
 
Invoking: MicroBlaze Print Size
mb-size bla.elf  |tee "bla.elf.size"
   text	   data	    bss	    dec	    hex	filename
   7418	    296	   2134	   9848	   2678	bla.elf
Finished building: bla.elf.size
 
Invoking: Xilinx ELF Check
elfcheck bla.elf -hw ../../P3_hw_platform/system.xml -pe microblaze_0  |tee "bla.elf.elfcheck"
elfcheck
Xilinx EDK 14.7 Build EDK_P.20131013
Copyright (c) 1995-2012 Xilinx, Inc.  All rights reserved.

Command Line: elfcheck -hw ../../P3_hw_platform/system.xml -pe microblaze_0
bla.elf 

ELF file	: bla.elf
elfcheck passed.
Finished building: bla.elf.elfcheck
 
14:01:38 **** Auto Build of configuration Debug for project bla ****
make all 
Building file: ../src/main.c
Invoking: MicroBlaze gcc compiler
mb-gcc -Wall -O0 -g3 -c -fmessage-length=0 -I../../standalone_bsp_0/microblaze_0/include -mxl-barrel-shift -mxl-pattern-compare -mcpu=v8.50.c -mno-xl-soft-mul -Wl,--no-relax -ffunction-sections -fdata-sections -MMD -MP -MF"src/main.d" -MT"src/main.d" -o "src/main.o" "../src/main.c"
Finished building: ../src/main.c
 
Building target: bla.elf
Invoking: MicroBlaze gcc linker
mb-gcc -Wl,-T -Wl,../src/lscript.ld -L../../standalone_bsp_0/microblaze_0/lib -mxl-barrel-shift -mxl-pattern-compare -mcpu=v8.50.c -mno-xl-soft-mul -Wl,--no-relax -Wl,--gc-sections -o "bla.elf"  ./src/main.o   -Wl,--start-group,-lxil,-lgcc,-lc,--end-group
Finished building target: bla.elf
 
Invoking: MicroBlaze Print Size
mb-size bla.elf  |tee "bla.elf.size"
   text	   data	    bss	    dec	    hex	filename
   7418	    296	   2134	   9848	   2678	bla.elf
Finished building: bla.elf.size
 
Invoking: Xilinx ELF Check
elfcheck bla.elf -hw ../../P3_hw_platform/system.xml -pe microblaze_0  |tee "bla.elf.elfcheck"
elfcheck
Xilinx EDK 14.7 Build EDK_P.20131013
Copyright (c) 1995-2012 Xilinx, Inc.  All rights reserved.

Command Line: elfcheck -hw ../../P3_hw_platform/system.xml -pe microblaze_0
bla.elf 

ELF file	: bla.elf
elfcheck passed.
Finished building: bla.elf.elfcheck
 
14:01:45 **** Auto Build of project standalone_bsp_0 ****
make -k all 
Finished building libraries
14:02:14 **** Auto Build of configuration Debug for project bla ****
make all 
Building file: ../src/main.c
Invoking: MicroBlaze gcc compiler
mb-gcc -Wall -O0 -g3 -c -fmessage-length=0 -I../../standalone_bsp_0/microblaze_0/include -mxl-barrel-shift -mxl-pattern-compare -mcpu=v8.50.c -mno-xl-soft-mul -Wl,--no-relax -ffunction-sections -fdata-sections -MMD -MP -MF"src/main.d" -MT"src/main.d" -o "src/main.o" "../src/main.c"
Finished building: ../src/main.c
 
Building target: bla.elf
Invoking: MicroBlaze gcc linker
mb-gcc -Wl,-T -Wl,../src/lscript.ld -L../../standalone_bsp_0/microblaze_0/lib -mxl-barrel-shift -mxl-pattern-compare -mcpu=v8.50.c -mno-xl-soft-mul -Wl,--no-relax -Wl,--gc-sections -o "bla.elf"  ./src/main.o   -Wl,--start-group,-lxil,-lgcc,-lc,--end-group
Finished building target: bla.elf
 
Invoking: MicroBlaze Print Size
mb-size bla.elf  |tee "bla.elf.size"
   text	   data	    bss	    dec	    hex	filename
   7418	    296	   2134	   9848	   2678	bla.elf
Finished building: bla.elf.size
 
Invoking: Xilinx ELF Check
elfcheck bla.elf -hw ../../P3_hw_platform/system.xml -pe microblaze_0  |tee "bla.elf.elfcheck"
elfcheck
Xilinx EDK 14.7 Build EDK_P.20131013
Copyright (c) 1995-2012 Xilinx, Inc.  All rights reserved.

Command Line: elfcheck -hw ../../P3_hw_platform/system.xml -pe microblaze_0
bla.elf 

ELF file	: bla.elf
elfcheck passed.
Finished building: bla.elf.elfcheck
 
14:02:22 **** Auto Build of project standalone_bsp_0 ****
make -k all 
Finished building libraries
14:03:43 **** Auto Build of configuration Debug for project bla ****
make all 
Building file: ../src/main.c
Invoking: MicroBlaze gcc compiler
mb-gcc -Wall -O0 -g3 -c -fmessage-length=0 -I../../standalone_bsp_0/microblaze_0/include -mxl-barrel-shift -mxl-pattern-compare -mcpu=v8.50.c -mno-xl-soft-mul -Wl,--no-relax -ffunction-sections -fdata-sections -MMD -MP -MF"src/main.d" -MT"src/main.d" -o "src/main.o" "../src/main.c"
Finished building: ../src/main.c
 
Building target: bla.elf
Invoking: MicroBlaze gcc linker
mb-gcc -Wl,-T -Wl,../src/lscript.ld -L../../standalone_bsp_0/microblaze_0/lib -mxl-barrel-shift -mxl-pattern-compare -mcpu=v8.50.c -mno-xl-soft-mul -Wl,--no-relax -Wl,--gc-sections -o "bla.elf"  ./src/main.o   -Wl,--start-group,-lxil,-lgcc,-lc,--end-group
Finished building target: bla.elf
 
Invoking: MicroBlaze Print Size
mb-size bla.elf  |tee "bla.elf.size"
   text	   data	    bss	    dec	    hex	filename
   7418	    296	   2134	   9848	   2678	bla.elf
Finished building: bla.elf.size
 
Invoking: Xilinx ELF Check
elfcheck bla.elf -hw ../../P3_hw_platform/system.xml -pe microblaze_0  |tee "bla.elf.elfcheck"
elfcheck
Xilinx EDK 14.7 Build EDK_P.20131013
Copyright (c) 1995-2012 Xilinx, Inc.  All rights reserved.

Command Line: elfcheck -hw ../../P3_hw_platform/system.xml -pe microblaze_0
bla.elf 

ELF file	: bla.elf
elfcheck passed.
Finished building: bla.elf.elfcheck
 
14:03:49 **** Auto Build of configuration Debug for project bla ****
make all 
Building file: ../src/main.c
Invoking: MicroBlaze gcc compiler
mb-gcc -Wall -O0 -g3 -c -fmessage-length=0 -I../../standalone_bsp_0/microblaze_0/include -mxl-barrel-shift -mxl-pattern-compare -mcpu=v8.50.c -mno-xl-soft-mul -Wl,--no-relax -ffunction-sections -fdata-sections -MMD -MP -MF"src/main.d" -MT"src/main.d" -o "src/main.o" "../src/main.c"
Finished building: ../src/main.c
 
Building target: bla.elf
Invoking: MicroBlaze gcc linker
mb-gcc -Wl,-T -Wl,../src/lscript.ld -L../../standalone_bsp_0/microblaze_0/lib -mxl-barrel-shift -mxl-pattern-compare -mcpu=v8.50.c -mno-xl-soft-mul -Wl,--no-relax -Wl,--gc-sections -o "bla.elf"  ./src/main.o   -Wl,--start-group,-lxil,-lgcc,-lc,--end-group
Finished building target: bla.elf
 
Invoking: MicroBlaze Print Size
mb-size bla.elf  |tee "bla.elf.size"
   text	   data	    bss	    dec	    hex	filename
   7418	    296	   2134	   9848	   2678	bla.elf
Finished building: bla.elf.size
 
Invoking: Xilinx ELF Check
elfcheck bla.elf -hw ../../P3_hw_platform/system.xml -pe microblaze_0  |tee "bla.elf.elfcheck"
elfcheck
Xilinx EDK 14.7 Build EDK_P.20131013
Copyright (c) 1995-2012 Xilinx, Inc.  All rights reserved.

Command Line: elfcheck -hw ../../P3_hw_platform/system.xml -pe microblaze_0
bla.elf 

ELF file	: bla.elf
elfcheck passed.
Finished building: bla.elf.elfcheck
 
14:03:59 **** Auto Build of project standalone_bsp_0 ****
make -k all 
Finished building libraries
14:06:22 **** Auto Build of configuration Debug for project bla ****
make all 
Building file: ../src/main.c
Invoking: MicroBlaze gcc compiler
mb-gcc -Wall -O0 -g3 -c -fmessage-length=0 -I../../standalone_bsp_0/microblaze_0/include -mxl-barrel-shift -mxl-pattern-compare -mcpu=v8.50.c -mno-xl-soft-mul -Wl,--no-relax -ffunction-sections -fdata-sections -MMD -MP -MF"src/main.d" -MT"src/main.d" -o "src/main.o" "../src/main.c"
../src/main.c: In function 'main':
../src/main.c:41:46: warning: operation on 'buffer' may be undefined [-Wsequence-point]
Finished building: ../src/main.c
 
Building target: bla.elf
Invoking: MicroBlaze gcc linker
mb-gcc -Wl,-T -Wl,../src/lscript.ld -L../../standalone_bsp_0/microblaze_0/lib -mxl-barrel-shift -mxl-pattern-compare -mcpu=v8.50.c -mno-xl-soft-mul -Wl,--no-relax -Wl,--gc-sections -o "bla.elf"  ./src/main.o   -Wl,--start-group,-lxil,-lgcc,-lc,--end-group
Finished building target: bla.elf
 
Invoking: MicroBlaze Print Size
mb-size bla.elf  |tee "bla.elf.size"
   text	   data	    bss	    dec	    hex	filename
   7434	    296	   2134	   9864	   2688	bla.elf
Finished building: bla.elf.size
 
Invoking: Xilinx ELF Check
elfcheck bla.elf -hw ../../P3_hw_platform/system.xml -pe microblaze_0  |tee "bla.elf.elfcheck"
elfcheck
Xilinx EDK 14.7 Build EDK_P.20131013
Copyright (c) 1995-2012 Xilinx, Inc.  All rights reserved.

Command Line: elfcheck -hw ../../P3_hw_platform/system.xml -pe microblaze_0
bla.elf 

ELF file	: bla.elf
elfcheck passed.
Finished building: bla.elf.elfcheck
 
14:06:34 **** Auto Build of project standalone_bsp_0 ****
make -k all 
Finished building libraries
14:22:00 **** Auto Build of configuration Debug for project bla ****
make all 
Building file: ../src/main.c
Invoking: MicroBlaze gcc compiler
mb-gcc -Wall -O0 -g3 -c -fmessage-length=0 -I../../standalone_bsp_0/microblaze_0/include -mxl-barrel-shift -mxl-pattern-compare -mcpu=v8.50.c -mno-xl-soft-mul -Wl,--no-relax -ffunction-sections -fdata-sections -MMD -MP -MF"src/main.d" -MT"src/main.d" -o "src/main.o" "../src/main.c"
../src/main.c: In function 'main':
../src/main.c:41:46: warning: operation on 'buffer' may be undefined [-Wsequence-point]
Finished building: ../src/main.c
 
Building target: bla.elf
Invoking: MicroBlaze gcc linker
mb-gcc -Wl,-T -Wl,../src/lscript.ld -L../../standalone_bsp_0/microblaze_0/lib -mxl-barrel-shift -mxl-pattern-compare -mcpu=v8.50.c -mno-xl-soft-mul -Wl,--no-relax -Wl,--gc-sections -o "bla.elf"  ./src/main.o   -Wl,--start-group,-lxil,-lgcc,-lc,--end-group
Finished building target: bla.elf
 
Invoking: MicroBlaze Print Size
mb-size bla.elf  |tee "bla.elf.size"
   text	   data	    bss	    dec	    hex	filename
   7434	    296	   2134	   9864	   2688	bla.elf
Finished building: bla.elf.size
 
Invoking: Xilinx ELF Check
elfcheck bla.elf -hw ../../P3_hw_platform/system.xml -pe microblaze_0  |tee "bla.elf.elfcheck"
elfcheck
Xilinx EDK 14.7 Build EDK_P.20131013
Copyright (c) 1995-2012 Xilinx, Inc.  All rights reserved.

Command Line: elfcheck -hw ../../P3_hw_platform/system.xml -pe microblaze_0
bla.elf 

ELF file	: bla.elf
elfcheck passed.
Finished building: bla.elf.elfcheck
 
14:24:52 **** Auto Build of configuration Debug for project bla ****
make all 
Building file: ../src/main.c
Invoking: MicroBlaze gcc compiler
mb-gcc -Wall -O0 -g3 -c -fmessage-length=0 -I../../standalone_bsp_0/microblaze_0/include -mxl-barrel-shift -mxl-pattern-compare -mcpu=v8.50.c -mno-xl-soft-mul -Wl,--no-relax -ffunction-sections -fdata-sections -MMD -MP -MF"src/main.d" -MT"src/main.d" -o "src/main.o" "../src/main.c"
../src/main.c: In function 'main':
../src/main.c:41:46: warning: operation on 'buffer' may be undefined [-Wsequence-point]
Finished building: ../src/main.c
 
Building target: bla.elf
Invoking: MicroBlaze gcc linker
mb-gcc -Wl,-T -Wl,../src/lscript.ld -L../../standalone_bsp_0/microblaze_0/lib -mxl-barrel-shift -mxl-pattern-compare -mcpu=v8.50.c -mno-xl-soft-mul -Wl,--no-relax -Wl,--gc-sections -o "bla.elf"  ./src/main.o   -Wl,--start-group,-lxil,-lgcc,-lc,--end-group
Finished building target: bla.elf
 
Invoking: MicroBlaze Print Size
mb-size bla.elf  |tee "bla.elf.size"
   text	   data	    bss	    dec	    hex	filename
   7442	    296	   2134	   9872	   2690	bla.elf
Finished building: bla.elf.size
 
Invoking: Xilinx ELF Check
elfcheck bla.elf -hw ../../P3_hw_platform/system.xml -pe microblaze_0  |tee "bla.elf.elfcheck"
elfcheck
Xilinx EDK 14.7 Build EDK_P.20131013
Copyright (c) 1995-2012 Xilinx, Inc.  All rights reserved.

Command Line: elfcheck -hw ../../P3_hw_platform/system.xml -pe microblaze_0
bla.elf 

ELF file	: bla.elf
elfcheck passed.
Finished building: bla.elf.elfcheck
 
14:25:03 **** Auto Build of project standalone_bsp_0 ****
make -k all 
Finished building libraries
14:25:25 **** Auto Build of configuration Debug for project bla ****
make all 
Building file: ../src/main.c
Invoking: MicroBlaze gcc compiler
mb-gcc -Wall -O0 -g3 -c -fmessage-length=0 -I../../standalone_bsp_0/microblaze_0/include -mxl-barrel-shift -mxl-pattern-compare -mcpu=v8.50.c -mno-xl-soft-mul -Wl,--no-relax -ffunction-sections -fdata-sections -MMD -MP -MF"src/main.d" -MT"src/main.d" -o "src/main.o" "../src/main.c"
../src/main.c: In function 'main':
../src/main.c:41:46: warning: operation on 'buffer' may be undefined [-Wsequence-point]
Finished building: ../src/main.c
 
Building target: bla.elf
Invoking: MicroBlaze gcc linker
mb-gcc -Wl,-T -Wl,../src/lscript.ld -L../../standalone_bsp_0/microblaze_0/lib -mxl-barrel-shift -mxl-pattern-compare -mcpu=v8.50.c -mno-xl-soft-mul -Wl,--no-relax -Wl,--gc-sections -o "bla.elf"  ./src/main.o   -Wl,--start-group,-lxil,-lgcc,-lc,--end-group
Finished building target: bla.elf
 
Invoking: MicroBlaze Print Size
mb-size bla.elf  |tee "bla.elf.size"
   text	   data	    bss	    dec	    hex	filename
   7446	    296	   2128	   9870	   268e	bla.elf
Finished building: bla.elf.size
 
Invoking: Xilinx ELF Check
elfcheck bla.elf -hw ../../P3_hw_platform/system.xml -pe microblaze_0  |tee "bla.elf.elfcheck"
elfcheck
Xilinx EDK 14.7 Build EDK_P.20131013
Copyright (c) 1995-2012 Xilinx, Inc.  All rights reserved.

Command Line: elfcheck -hw ../../P3_hw_platform/system.xml -pe microblaze_0
bla.elf 

ELF file	: bla.elf
elfcheck passed.
Finished building: bla.elf.elfcheck
 
14:25:35 **** Auto Build of project standalone_bsp_0 ****
make -k all 
Finished building libraries
14:25:51 **** Auto Build of configuration Debug for project bla ****
make all 
Building file: ../src/main.c
Invoking: MicroBlaze gcc compiler
mb-gcc -Wall -O0 -g3 -c -fmessage-length=0 -I../../standalone_bsp_0/microblaze_0/include -mxl-barrel-shift -mxl-pattern-compare -mcpu=v8.50.c -mno-xl-soft-mul -Wl,--no-relax -ffunction-sections -fdata-sections -MMD -MP -MF"src/main.d" -MT"src/main.d" -o "src/main.o" "../src/main.c"
../src/main.c: In function 'main':
../src/main.c:41:42: warning: operation on 'buffer' may be undefined [-Wsequence-point]
Finished building: ../src/main.c
 
Building target: bla.elf
Invoking: MicroBlaze gcc linker
mb-gcc -Wl,-T -Wl,../src/lscript.ld -L../../standalone_bsp_0/microblaze_0/lib -mxl-barrel-shift -mxl-pattern-compare -mcpu=v8.50.c -mno-xl-soft-mul -Wl,--no-relax -Wl,--gc-sections -o "bla.elf"  ./src/main.o   -Wl,--start-group,-lxil,-lgcc,-lc,--end-group
Finished building target: bla.elf
 
Invoking: MicroBlaze Print Size
mb-size bla.elf  |tee "bla.elf.size"
   text	   data	    bss	    dec	    hex	filename
   7442	    296	   2134	   9872	   2690	bla.elf
Finished building: bla.elf.size
 
Invoking: Xilinx ELF Check
elfcheck bla.elf -hw ../../P3_hw_platform/system.xml -pe microblaze_0  |tee "bla.elf.elfcheck"
elfcheck
Xilinx EDK 14.7 Build EDK_P.20131013
Copyright (c) 1995-2012 Xilinx, Inc.  All rights reserved.

Command Line: elfcheck -hw ../../P3_hw_platform/system.xml -pe microblaze_0
bla.elf 

ELF file	: bla.elf
elfcheck passed.
Finished building: bla.elf.elfcheck
 
14:26:01 **** Auto Build of project standalone_bsp_0 ****
make -k all 
Finished building libraries
14:26:42 **** Auto Build of configuration Debug for project bla ****
make all 
Building file: ../src/main.c
Invoking: MicroBlaze gcc compiler
mb-gcc -Wall -O0 -g3 -c -fmessage-length=0 -I../../standalone_bsp_0/microblaze_0/include -mxl-barrel-shift -mxl-pattern-compare -mcpu=v8.50.c -mno-xl-soft-mul -Wl,--no-relax -ffunction-sections -fdata-sections -MMD -MP -MF"src/main.d" -MT"src/main.d" -o "src/main.o" "../src/main.c"
../src/main.c: In function 'main':
../src/main.c:41:42: warning: operation on 'buffer' may be undefined [-Wsequence-point]
Finished building: ../src/main.c
 
Building target: bla.elf
Invoking: MicroBlaze gcc linker
mb-gcc -Wl,-T -Wl,../src/lscript.ld -L../../standalone_bsp_0/microblaze_0/lib -mxl-barrel-shift -mxl-pattern-compare -mcpu=v8.50.c -mno-xl-soft-mul -Wl,--no-relax -Wl,--gc-sections -o "bla.elf"  ./src/main.o   -Wl,--start-group,-lxil,-lgcc,-lc,--end-group
Finished building target: bla.elf
 
Invoking: MicroBlaze Print Size
mb-size bla.elf  |tee "bla.elf.size"
   text	   data	    bss	    dec	    hex	filename
   7442	    296	   2134	   9872	   2690	bla.elf
Finished building: bla.elf.size
 
Invoking: Xilinx ELF Check
elfcheck bla.elf -hw ../../P3_hw_platform/system.xml -pe microblaze_0  |tee "bla.elf.elfcheck"
elfcheck
Xilinx EDK 14.7 Build EDK_P.20131013
Copyright (c) 1995-2012 Xilinx, Inc.  All rights reserved.

Command Line: elfcheck -hw ../../P3_hw_platform/system.xml -pe microblaze_0
bla.elf 

ELF file	: bla.elf
elfcheck passed.
Finished building: bla.elf.elfcheck
 
14:27:23 **** Auto Build of configuration Debug for project bla ****
make all 
Building file: ../src/main.c
Invoking: MicroBlaze gcc compiler
mb-gcc -Wall -O0 -g3 -c -fmessage-length=0 -I../../standalone_bsp_0/microblaze_0/include -mxl-barrel-shift -mxl-pattern-compare -mcpu=v8.50.c -mno-xl-soft-mul -Wl,--no-relax -ffunction-sections -fdata-sections -MMD -MP -MF"src/main.d" -MT"src/main.d" -o "src/main.o" "../src/main.c"
../src/main.c: In function 'main':
../src/main.c:42:42: warning: operation on 'buffer' may be undefined [-Wsequence-point]
Finished building: ../src/main.c
 
Building target: bla.elf
Invoking: MicroBlaze gcc linker
mb-gcc -Wl,-T -Wl,../src/lscript.ld -L../../standalone_bsp_0/microblaze_0/lib -mxl-barrel-shift -mxl-pattern-compare -mcpu=v8.50.c -mno-xl-soft-mul -Wl,--no-relax -Wl,--gc-sections -o "bla.elf"  ./src/main.o   -Wl,--start-group,-lxil,-lgcc,-lc,--end-group
Finished building target: bla.elf
 
Invoking: MicroBlaze Print Size
mb-size bla.elf  |tee "bla.elf.size"
   text	   data	    bss	    dec	    hex	filename
   7478	    296	   2128	   9902	   26ae	bla.elf
Finished building: bla.elf.size
 
Invoking: Xilinx ELF Check
elfcheck bla.elf -hw ../../P3_hw_platform/system.xml -pe microblaze_0  |tee "bla.elf.elfcheck"
elfcheck
Xilinx EDK 14.7 Build EDK_P.20131013
Copyright (c) 1995-2012 Xilinx, Inc.  All rights reserved.

Command Line: elfcheck -hw ../../P3_hw_platform/system.xml -pe microblaze_0
bla.elf 

ELF file	: bla.elf
elfcheck passed.
Finished building: bla.elf.elfcheck
 
14:27:33 **** Auto Build of configuration Debug for project bla ****
make all 
Building file: ../src/main.c
Invoking: MicroBlaze gcc compiler
mb-gcc -Wall -O0 -g3 -c -fmessage-length=0 -I../../standalone_bsp_0/microblaze_0/include -mxl-barrel-shift -mxl-pattern-compare -mcpu=v8.50.c -mno-xl-soft-mul -Wl,--no-relax -ffunction-sections -fdata-sections -MMD -MP -MF"src/main.d" -MT"src/main.d" -o "src/main.o" "../src/main.c"
../src/main.c: In function 'main':
../src/main.c:42:42: warning: operation on 'buffer' may be undefined [-Wsequence-point]
Finished building: ../src/main.c
 
Building target: bla.elf
Invoking: MicroBlaze gcc linker
mb-gcc -Wl,-T -Wl,../src/lscript.ld -L../../standalone_bsp_0/microblaze_0/lib -mxl-barrel-shift -mxl-pattern-compare -mcpu=v8.50.c -mno-xl-soft-mul -Wl,--no-relax -Wl,--gc-sections -o "bla.elf"  ./src/main.o   -Wl,--start-group,-lxil,-lgcc,-lc,--end-group
Finished building target: bla.elf
 
Invoking: MicroBlaze Print Size
mb-size bla.elf  |tee "bla.elf.size"
   text	   data	    bss	    dec	    hex	filename
   7474	    296	   2134	   9904	   26b0	bla.elf
Finished building: bla.elf.size
 
Invoking: Xilinx ELF Check
elfcheck bla.elf -hw ../../P3_hw_platform/system.xml -pe microblaze_0  |tee "bla.elf.elfcheck"
elfcheck
Xilinx EDK 14.7 Build EDK_P.20131013
Copyright (c) 1995-2012 Xilinx, Inc.  All rights reserved.

Command Line: elfcheck -hw ../../P3_hw_platform/system.xml -pe microblaze_0
bla.elf 

ELF file	: bla.elf
elfcheck passed.
Finished building: bla.elf.elfcheck
 
14:27:43 **** Auto Build of project standalone_bsp_0 ****
make -k all 
Finished building libraries
14:29:37 **** Auto Build of configuration Debug for project bla ****
make all 
Building file: ../src/main.c
Invoking: MicroBlaze gcc compiler
mb-gcc -Wall -O0 -g3 -c -fmessage-length=0 -I../../standalone_bsp_0/microblaze_0/include -mxl-barrel-shift -mxl-pattern-compare -mcpu=v8.50.c -mno-xl-soft-mul -Wl,--no-relax -ffunction-sections -fdata-sections -MMD -MP -MF"src/main.d" -MT"src/main.d" -o "src/main.o" "../src/main.c"
../src/main.c: In function 'main':
../src/main.c:39:9: warning: unused variable 'buffer' [-Wunused-variable]
Finished building: ../src/main.c
 
Building target: bla.elf
Invoking: MicroBlaze gcc linker
mb-gcc -Wl,-T -Wl,../src/lscript.ld -L../../standalone_bsp_0/microblaze_0/lib -mxl-barrel-shift -mxl-pattern-compare -mcpu=v8.50.c -mno-xl-soft-mul -Wl,--no-relax -Wl,--gc-sections -o "bla.elf"  ./src/main.o   -Wl,--start-group,-lxil,-lgcc,-lc,--end-group
Finished building target: bla.elf
 
Invoking: MicroBlaze Print Size
mb-size bla.elf  |tee "bla.elf.size"
   text	   data	    bss	    dec	    hex	filename
   7402	    296	   2134	   9832	   2668	bla.elf
Finished building: bla.elf.size
 
Invoking: Xilinx ELF Check
elfcheck bla.elf -hw ../../P3_hw_platform/system.xml -pe microblaze_0  |tee "bla.elf.elfcheck"
elfcheck
Xilinx EDK 14.7 Build EDK_P.20131013
Copyright (c) 1995-2012 Xilinx, Inc.  All rights reserved.

Command Line: elfcheck -hw ../../P3_hw_platform/system.xml -pe microblaze_0
bla.elf 

ELF file	: bla.elf
elfcheck passed.
Finished building: bla.elf.elfcheck
 
14:29:46 **** Auto Build of project standalone_bsp_0 ****
make -k all 
Finished building libraries
14:31:04 **** Auto Build of configuration Debug for project bla ****
make all 
Building file: ../src/main.c
Invoking: MicroBlaze gcc compiler
mb-gcc -Wall -O0 -g3 -c -fmessage-length=0 -I../../standalone_bsp_0/microblaze_0/include -mxl-barrel-shift -mxl-pattern-compare -mcpu=v8.50.c -mno-xl-soft-mul -Wl,--no-relax -ffunction-sections -fdata-sections -MMD -MP -MF"src/main.d" -MT"src/main.d" -o "src/main.o" "../src/main.c"
../src/main.c: In function 'main':
../src/main.c:39:9: warning: unused variable 'buffer' [-Wunused-variable]
Finished building: ../src/main.c
 
Building target: bla.elf
Invoking: MicroBlaze gcc linker
mb-gcc -Wl,-T -Wl,../src/lscript.ld -L../../standalone_bsp_0/microblaze_0/lib -mxl-barrel-shift -mxl-pattern-compare -mcpu=v8.50.c -mno-xl-soft-mul -Wl,--no-relax -Wl,--gc-sections -o "bla.elf"  ./src/main.o   -Wl,--start-group,-lxil,-lgcc,-lc,--end-group
Finished building target: bla.elf
 
Invoking: MicroBlaze Print Size
mb-size bla.elf  |tee "bla.elf.size"
   text	   data	    bss	    dec	    hex	filename
   7402	    296	   2134	   9832	   2668	bla.elf
Finished building: bla.elf.size
 
Invoking: Xilinx ELF Check
elfcheck bla.elf -hw ../../P3_hw_platform/system.xml -pe microblaze_0  |tee "bla.elf.elfcheck"
elfcheck
Xilinx EDK 14.7 Build EDK_P.20131013
Copyright (c) 1995-2012 Xilinx, Inc.  All rights reserved.

Command Line: elfcheck -hw ../../P3_hw_platform/system.xml -pe microblaze_0
bla.elf 

ELF file	: bla.elf
elfcheck passed.
Finished building: bla.elf.elfcheck
 
14:31:14 **** Auto Build of project standalone_bsp_0 ****
make -k all 
Finished building libraries
14:31:25 **** Auto Build of configuration Debug for project bla ****
make all 
Building file: ../src/main.c
Invoking: MicroBlaze gcc compiler
mb-gcc -Wall -O0 -g3 -c -fmessage-length=0 -I../../standalone_bsp_0/microblaze_0/include -mxl-barrel-shift -mxl-pattern-compare -mcpu=v8.50.c -mno-xl-soft-mul -Wl,--no-relax -ffunction-sections -fdata-sections -MMD -MP -MF"src/main.d" -MT"src/main.d" -o "src/main.o" "../src/main.c"
../src/main.c: In function 'main':
../src/main.c:42:42: warning: operation on 'buffer' may be undefined [-Wsequence-point]
Finished building: ../src/main.c
 
Building target: bla.elf
Invoking: MicroBlaze gcc linker
mb-gcc -Wl,-T -Wl,../src/lscript.ld -L../../standalone_bsp_0/microblaze_0/lib -mxl-barrel-shift -mxl-pattern-compare -mcpu=v8.50.c -mno-xl-soft-mul -Wl,--no-relax -Wl,--gc-sections -o "bla.elf"  ./src/main.o   -Wl,--start-group,-lxil,-lgcc,-lc,--end-group
Finished building target: bla.elf
 
Invoking: MicroBlaze Print Size
mb-size bla.elf  |tee "bla.elf.size"
   text	   data	    bss	    dec	    hex	filename
   7466	    296	   2134	   9896	   26a8	bla.elf
Finished building: bla.elf.size
 
Invoking: Xilinx ELF Check
elfcheck bla.elf -hw ../../P3_hw_platform/system.xml -pe microblaze_0  |tee "bla.elf.elfcheck"
elfcheck
Xilinx EDK 14.7 Build EDK_P.20131013
Copyright (c) 1995-2012 Xilinx, Inc.  All rights reserved.

Command Line: elfcheck -hw ../../P3_hw_platform/system.xml -pe microblaze_0
bla.elf 

ELF file	: bla.elf
elfcheck passed.
Finished building: bla.elf.elfcheck
 
14:31:44 **** Auto Build of configuration Debug for project bla ****
make all 
Building file: ../src/main.c
Invoking: MicroBlaze gcc compiler
mb-gcc -Wall -O0 -g3 -c -fmessage-length=0 -I../../standalone_bsp_0/microblaze_0/include -mxl-barrel-shift -mxl-pattern-compare -mcpu=v8.50.c -mno-xl-soft-mul -Wl,--no-relax -ffunction-sections -fdata-sections -MMD -MP -MF"src/main.d" -MT"src/main.d" -o "src/main.o" "../src/main.c"
../src/main.c: In function 'main':
../src/main.c:42:45: warning: operation on 'buffer' may be undefined [-Wsequence-point]
Finished building: ../src/main.c
 
Building target: bla.elf
Invoking: MicroBlaze gcc linker
mb-gcc -Wl,-T -Wl,../src/lscript.ld -L../../standalone_bsp_0/microblaze_0/lib -mxl-barrel-shift -mxl-pattern-compare -mcpu=v8.50.c -mno-xl-soft-mul -Wl,--no-relax -Wl,--gc-sections -o "bla.elf"  ./src/main.o   -Wl,--start-group,-lxil,-lgcc,-lc,--end-group
Finished building target: bla.elf
 
Invoking: MicroBlaze Print Size
mb-size bla.elf  |tee "bla.elf.size"
   text	   data	    bss	    dec	    hex	filename
   7470	    296	   2128	   9894	   26a6	bla.elf
Finished building: bla.elf.size
 
Invoking: Xilinx ELF Check
elfcheck bla.elf -hw ../../P3_hw_platform/system.xml -pe microblaze_0  |tee "bla.elf.elfcheck"
elfcheck
Xilinx EDK 14.7 Build EDK_P.20131013
Copyright (c) 1995-2012 Xilinx, Inc.  All rights reserved.

Command Line: elfcheck -hw ../../P3_hw_platform/system.xml -pe microblaze_0
bla.elf 

ELF file	: bla.elf
elfcheck passed.
Finished building: bla.elf.elfcheck
 
14:31:54 **** Auto Build of project standalone_bsp_0 ****
make -k all 
Finished building libraries
14:32:17 **** Auto Build of configuration Debug for project bla ****
make all 
Building file: ../src/main.c
Invoking: MicroBlaze gcc compiler
mb-gcc -Wall -O0 -g3 -c -fmessage-length=0 -I../../standalone_bsp_0/microblaze_0/include -mxl-barrel-shift -mxl-pattern-compare -mcpu=v8.50.c -mno-xl-soft-mul -Wl,--no-relax -ffunction-sections -fdata-sections -MMD -MP -MF"src/main.d" -MT"src/main.d" -o "src/main.o" "../src/main.c"
../src/main.c: In function 'main':
../src/main.c:42:46: warning: operation on 'buffer' may be undefined [-Wsequence-point]
Finished building: ../src/main.c
 
Building target: bla.elf
Invoking: MicroBlaze gcc linker
mb-gcc -Wl,-T -Wl,../src/lscript.ld -L../../standalone_bsp_0/microblaze_0/lib -mxl-barrel-shift -mxl-pattern-compare -mcpu=v8.50.c -mno-xl-soft-mul -Wl,--no-relax -Wl,--gc-sections -o "bla.elf"  ./src/main.o   -Wl,--start-group,-lxil,-lgcc,-lc,--end-group
Finished building target: bla.elf
 
Invoking: MicroBlaze Print Size
mb-size bla.elf  |tee "bla.elf.size"
   text	   data	    bss	    dec	    hex	filename
   7470	    296	   2128	   9894	   26a6	bla.elf
Finished building: bla.elf.size
 
Invoking: Xilinx ELF Check
elfcheck bla.elf -hw ../../P3_hw_platform/system.xml -pe microblaze_0  |tee "bla.elf.elfcheck"
elfcheck
Xilinx EDK 14.7 Build EDK_P.20131013
Copyright (c) 1995-2012 Xilinx, Inc.  All rights reserved.

Command Line: elfcheck -hw ../../P3_hw_platform/system.xml -pe microblaze_0
bla.elf 

ELF file	: bla.elf
elfcheck passed.
Finished building: bla.elf.elfcheck
 
14:32:23 **** Auto Build of configuration Debug for project bla ****
make all 
Building file: ../src/main.c
Invoking: MicroBlaze gcc compiler
mb-gcc -Wall -O0 -g3 -c -fmessage-length=0 -I../../standalone_bsp_0/microblaze_0/include -mxl-barrel-shift -mxl-pattern-compare -mcpu=v8.50.c -mno-xl-soft-mul -Wl,--no-relax -ffunction-sections -fdata-sections -MMD -MP -MF"src/main.d" -MT"src/main.d" -o "src/main.o" "../src/main.c"
../src/main.c: In function 'main':
../src/main.c:42:45: warning: operation on 'buffer' may be undefined [-Wsequence-point]
Finished building: ../src/main.c
 
Building target: bla.elf
Invoking: MicroBlaze gcc linker
mb-gcc -Wl,-T -Wl,../src/lscript.ld -L../../standalone_bsp_0/microblaze_0/lib -mxl-barrel-shift -mxl-pattern-compare -mcpu=v8.50.c -mno-xl-soft-mul -Wl,--no-relax -Wl,--gc-sections -o "bla.elf"  ./src/main.o   -Wl,--start-group,-lxil,-lgcc,-lc,--end-group
Finished building target: bla.elf
 
Invoking: MicroBlaze Print Size
mb-size bla.elf  |tee "bla.elf.size"
   text	   data	    bss	    dec	    hex	filename
   7470	    296	   2128	   9894	   26a6	bla.elf
Finished building: bla.elf.size
 
Invoking: Xilinx ELF Check
elfcheck bla.elf -hw ../../P3_hw_platform/system.xml -pe microblaze_0  |tee "bla.elf.elfcheck"
elfcheck
Xilinx EDK 14.7 Build EDK_P.20131013
Copyright (c) 1995-2012 Xilinx, Inc.  All rights reserved.

Command Line: elfcheck -hw ../../P3_hw_platform/system.xml -pe microblaze_0
bla.elf 

ELF file	: bla.elf
elfcheck passed.
Finished building: bla.elf.elfcheck
 
14:32:28 **** Auto Build of configuration Debug for project bla ****
make all 
Building file: ../src/main.c
Invoking: MicroBlaze gcc compiler
mb-gcc -Wall -O0 -g3 -c -fmessage-length=0 -I../../standalone_bsp_0/microblaze_0/include -mxl-barrel-shift -mxl-pattern-compare -mcpu=v8.50.c -mno-xl-soft-mul -Wl,--no-relax -ffunction-sections -fdata-sections -MMD -MP -MF"src/main.d" -MT"src/main.d" -o "src/main.o" "../src/main.c"
../src/main.c: In function 'main':
../src/main.c:42:46: warning: operation on 'buffer' may be undefined [-Wsequence-point]
Finished building: ../src/main.c
 
Building target: bla.elf
Invoking: MicroBlaze gcc linker
mb-gcc -Wl,-T -Wl,../src/lscript.ld -L../../standalone_bsp_0/microblaze_0/lib -mxl-barrel-shift -mxl-pattern-compare -mcpu=v8.50.c -mno-xl-soft-mul -Wl,--no-relax -Wl,--gc-sections -o "bla.elf"  ./src/main.o   -Wl,--start-group,-lxil,-lgcc,-lc,--end-group
Finished building target: bla.elf
 
Invoking: MicroBlaze Print Size
mb-size bla.elf  |tee "bla.elf.size"
   text	   data	    bss	    dec	    hex	filename
   7470	    296	   2128	   9894	   26a6	bla.elf
Finished building: bla.elf.size
 
Invoking: Xilinx ELF Check
elfcheck bla.elf -hw ../../P3_hw_platform/system.xml -pe microblaze_0  |tee "bla.elf.elfcheck"
elfcheck
Xilinx EDK 14.7 Build EDK_P.20131013
Copyright (c) 1995-2012 Xilinx, Inc.  All rights reserved.

Command Line: elfcheck -hw ../../P3_hw_platform/system.xml -pe microblaze_0
bla.elf 

ELF file	: bla.elf
elfcheck passed.
Finished building: bla.elf.elfcheck
 
14:32:41 **** Auto Build of project standalone_bsp_0 ****
make -k all 
Finished building libraries
14:34:04 **** Auto Build of configuration Debug for project bla ****
make all 
Building file: ../src/main.c
Invoking: MicroBlaze gcc compiler
mb-gcc -Wall -O0 -g3 -c -fmessage-length=0 -I../../standalone_bsp_0/microblaze_0/include -mxl-barrel-shift -mxl-pattern-compare -mcpu=v8.50.c -mno-xl-soft-mul -Wl,--no-relax -ffunction-sections -fdata-sections -MMD -MP -MF"src/main.d" -MT"src/main.d" -o "src/main.o" "../src/main.c"
../src/main.c: In function 'main':
../src/main.c:42:46: warning: operation on 'buffer' may be undefined [-Wsequence-point]
Finished building: ../src/main.c
 
Building target: bla.elf
Invoking: MicroBlaze gcc linker
mb-gcc -Wl,-T -Wl,../src/lscript.ld -L../../standalone_bsp_0/microblaze_0/lib -mxl-barrel-shift -mxl-pattern-compare -mcpu=v8.50.c -mno-xl-soft-mul -Wl,--no-relax -Wl,--gc-sections -o "bla.elf"  ./src/main.o   -Wl,--start-group,-lxil,-lgcc,-lc,--end-group
Finished building target: bla.elf
 
Invoking: MicroBlaze Print Size
mb-size bla.elf  |tee "bla.elf.size"
   text	   data	    bss	    dec	    hex	filename
   7470	    296	   2128	   9894	   26a6	bla.elf
Finished building: bla.elf.size
 
Invoking: Xilinx ELF Check
elfcheck bla.elf -hw ../../P3_hw_platform/system.xml -pe microblaze_0  |tee "bla.elf.elfcheck"
elfcheck
Xilinx EDK 14.7 Build EDK_P.20131013
Copyright (c) 1995-2012 Xilinx, Inc.  All rights reserved.

Command Line: elfcheck -hw ../../P3_hw_platform/system.xml -pe microblaze_0
bla.elf 

ELF file	: bla.elf
elfcheck passed.
Finished building: bla.elf.elfcheck
 
14:34:15 **** Auto Build of project standalone_bsp_0 ****
make -k all 
Finished building libraries
14:35:44 **** Auto Build of configuration Debug for project bla ****
make all 
Building file: ../src/main.c
Invoking: MicroBlaze gcc compiler
mb-gcc -Wall -O0 -g3 -c -fmessage-length=0 -I../../standalone_bsp_0/microblaze_0/include -mxl-barrel-shift -mxl-pattern-compare -mcpu=v8.50.c -mno-xl-soft-mul -Wl,--no-relax -ffunction-sections -fdata-sections -MMD -MP -MF"src/main.d" -MT"src/main.d" -o "src/main.o" "../src/main.c"
../src/main.c: In function 'main':
../src/main.c:42:46: warning: operation on 'buffer' may be undefined [-Wsequence-point]
Finished building: ../src/main.c
 
Building target: bla.elf
Invoking: MicroBlaze gcc linker
mb-gcc -Wl,-T -Wl,../src/lscript.ld -L../../standalone_bsp_0/microblaze_0/lib -mxl-barrel-shift -mxl-pattern-compare -mcpu=v8.50.c -mno-xl-soft-mul -Wl,--no-relax -Wl,--gc-sections -o "bla.elf"  ./src/main.o   -Wl,--start-group,-lxil,-lgcc,-lc,--end-group
Finished building target: bla.elf
 
Invoking: MicroBlaze Print Size
mb-size bla.elf  |tee "bla.elf.size"
   text	   data	    bss	    dec	    hex	filename
   7474	    296	   2134	   9904	   26b0	bla.elf
Finished building: bla.elf.size
 
Invoking: Xilinx ELF Check
elfcheck bla.elf -hw ../../P3_hw_platform/system.xml -pe microblaze_0  |tee "bla.elf.elfcheck"
elfcheck
Xilinx EDK 14.7 Build EDK_P.20131013
Copyright (c) 1995-2012 Xilinx, Inc.  All rights reserved.

Command Line: elfcheck -hw ../../P3_hw_platform/system.xml -pe microblaze_0
bla.elf 

ELF file	: bla.elf
elfcheck passed.
Finished building: bla.elf.elfcheck
 
14:35:53 **** Auto Build of project standalone_bsp_0 ****
make -k all 
Finished building libraries
14:37:00 **** Auto Build of configuration Debug for project bla ****
make all 
Building file: ../src/main.c
Invoking: MicroBlaze gcc compiler
mb-gcc -Wall -O0 -g3 -c -fmessage-length=0 -I../../standalone_bsp_0/microblaze_0/include -mxl-barrel-shift -mxl-pattern-compare -mcpu=v8.50.c -mno-xl-soft-mul -Wl,--no-relax -ffunction-sections -fdata-sections -MMD -MP -MF"src/main.d" -MT"src/main.d" -o "src/main.o" "../src/main.c"
../src/main.c: In function 'main':
../src/main.c:41:46: warning: operation on 'buffer' may be undefined [-Wsequence-point]
Finished building: ../src/main.c
 
Building target: bla.elf
Invoking: MicroBlaze gcc linker
mb-gcc -Wl,-T -Wl,../src/lscript.ld -L../../standalone_bsp_0/microblaze_0/lib -mxl-barrel-shift -mxl-pattern-compare -mcpu=v8.50.c -mno-xl-soft-mul -Wl,--no-relax -Wl,--gc-sections -o "bla.elf"  ./src/main.o   -Wl,--start-group,-lxil,-lgcc,-lc,--end-group
Finished building target: bla.elf
 
Invoking: MicroBlaze Print Size
mb-size bla.elf  |tee "bla.elf.size"
   text	   data	    bss	    dec	    hex	filename
   7442	    296	   2134	   9872	   2690	bla.elf
Finished building: bla.elf.size
 
Invoking: Xilinx ELF Check
elfcheck bla.elf -hw ../../P3_hw_platform/system.xml -pe microblaze_0  |tee "bla.elf.elfcheck"
elfcheck
Xilinx EDK 14.7 Build EDK_P.20131013
Copyright (c) 1995-2012 Xilinx, Inc.  All rights reserved.

Command Line: elfcheck -hw ../../P3_hw_platform/system.xml -pe microblaze_0
bla.elf 

ELF file	: bla.elf
elfcheck passed.
Finished building: bla.elf.elfcheck
 
14:37:08 **** Auto Build of configuration Debug for project bla ****
make all 
Building file: ../src/main.c
Invoking: MicroBlaze gcc compiler
mb-gcc -Wall -O0 -g3 -c -fmessage-length=0 -I../../standalone_bsp_0/microblaze_0/include -mxl-barrel-shift -mxl-pattern-compare -mcpu=v8.50.c -mno-xl-soft-mul -Wl,--no-relax -ffunction-sections -fdata-sections -MMD -MP -MF"src/main.d" -MT"src/main.d" -o "src/main.o" "../src/main.c"
../src/main.c: In function 'main':
../src/main.c:41:42: warning: operation on 'buffer' may be undefined [-Wsequence-point]
Finished building: ../src/main.c
 
Building target: bla.elf
Invoking: MicroBlaze gcc linker
mb-gcc -Wl,-T -Wl,../src/lscript.ld -L../../standalone_bsp_0/microblaze_0/lib -mxl-barrel-shift -mxl-pattern-compare -mcpu=v8.50.c -mno-xl-soft-mul -Wl,--no-relax -Wl,--gc-sections -o "bla.elf"  ./src/main.o   -Wl,--start-group,-lxil,-lgcc,-lc,--end-group
Finished building target: bla.elf
 
Invoking: MicroBlaze Print Size
mb-size bla.elf  |tee "bla.elf.size"
   text	   data	    bss	    dec	    hex	filename
   7438	    296	   2128	   9862	   2686	bla.elf
Finished building: bla.elf.size
 
Invoking: Xilinx ELF Check
elfcheck bla.elf -hw ../../P3_hw_platform/system.xml -pe microblaze_0  |tee "bla.elf.elfcheck"
elfcheck
Xilinx EDK 14.7 Build EDK_P.20131013
Copyright (c) 1995-2012 Xilinx, Inc.  All rights reserved.

Command Line: elfcheck -hw ../../P3_hw_platform/system.xml -pe microblaze_0
bla.elf 

ELF file	: bla.elf
elfcheck passed.
Finished building: bla.elf.elfcheck
 
14:37:16 **** Auto Build of project standalone_bsp_0 ****
make -k all 
Finished building libraries
14:51:53 **** Auto Build of configuration Debug for project bla ****
make all 
Building file: ../src/main.c
Invoking: MicroBlaze gcc compiler
mb-gcc -Wall -O0 -g3 -c -fmessage-length=0 -I../../standalone_bsp_0/microblaze_0/include -mxl-barrel-shift -mxl-pattern-compare -mcpu=v8.50.c -mno-xl-soft-mul -Wl,--no-relax -ffunction-sections -fdata-sections -MMD -MP -MF"src/main.d" -MT"src/main.d" -o "src/main.o" "../src/main.c"
../src/main.c: In function 'main':
../src/main.c:41:42: warning: operation on 'buffer' may be undefined [-Wsequence-point]
Finished building: ../src/main.c
 
Building target: bla.elf
Invoking: MicroBlaze gcc linker
mb-gcc -Wl,-T -Wl,../src/lscript.ld -L../../standalone_bsp_0/microblaze_0/lib -mxl-barrel-shift -mxl-pattern-compare -mcpu=v8.50.c -mno-xl-soft-mul -Wl,--no-relax -Wl,--gc-sections -o "bla.elf"  ./src/main.o   -Wl,--start-group,-lxil,-lgcc,-lc,--end-group
Finished building target: bla.elf
 
Invoking: MicroBlaze Print Size
mb-size bla.elf  |tee "bla.elf.size"
   text	   data	    bss	    dec	    hex	filename
   7438	    296	   2128	   9862	   2686	bla.elf
Finished building: bla.elf.size
 
Invoking: Xilinx ELF Check
elfcheck bla.elf -hw ../../P3_hw_platform/system.xml -pe microblaze_0  |tee "bla.elf.elfcheck"
elfcheck
Xilinx EDK 14.7 Build EDK_P.20131013
Copyright (c) 1995-2012 Xilinx, Inc.  All rights reserved.

Command Line: elfcheck -hw ../../P3_hw_platform/system.xml -pe microblaze_0
bla.elf 

ELF file	: bla.elf
elfcheck passed.
Finished building: bla.elf.elfcheck
 
14:52:01 **** Auto Build of configuration Debug for project bla ****
make all 
Building file: ../src/main.c
Invoking: MicroBlaze gcc compiler
mb-gcc -Wall -O0 -g3 -c -fmessage-length=0 -I../../standalone_bsp_0/microblaze_0/include -mxl-barrel-shift -mxl-pattern-compare -mcpu=v8.50.c -mno-xl-soft-mul -Wl,--no-relax -ffunction-sections -fdata-sections -MMD -MP -MF"src/main.d" -MT"src/main.d" -o "src/main.o" "../src/main.c"
../src/main.c: In function 'main':
../src/main.c:49:42: warning: operation on 'buffer' may be undefined [-Wsequence-point]
Finished building: ../src/main.c
 
Building target: bla.elf
Invoking: MicroBlaze gcc linker
mb-gcc -Wl,-T -Wl,../src/lscript.ld -L../../standalone_bsp_0/microblaze_0/lib -mxl-barrel-shift -mxl-pattern-compare -mcpu=v8.50.c -mno-xl-soft-mul -Wl,--no-relax -Wl,--gc-sections -o "bla.elf"  ./src/main.o   -Wl,--start-group,-lxil,-lgcc,-lc,--end-group
Finished building target: bla.elf
 
Invoking: MicroBlaze Print Size
mb-size bla.elf  |tee "bla.elf.size"
   text	   data	    bss	    dec	    hex	filename
   7438	    296	   2128	   9862	   2686	bla.elf
Finished building: bla.elf.size
 
Invoking: Xilinx ELF Check
elfcheck bla.elf -hw ../../P3_hw_platform/system.xml -pe microblaze_0  |tee "bla.elf.elfcheck"
elfcheck
Xilinx EDK 14.7 Build EDK_P.20131013
Copyright (c) 1995-2012 Xilinx, Inc.  All rights reserved.

Command Line: elfcheck -hw ../../P3_hw_platform/system.xml -pe microblaze_0
bla.elf 

ELF file	: bla.elf
elfcheck passed.
Finished building: bla.elf.elfcheck
 
14:52:15 **** Auto Build of configuration Debug for project bla ****
make all 
Building file: ../src/main.c
Invoking: MicroBlaze gcc compiler
mb-gcc -Wall -O0 -g3 -c -fmessage-length=0 -I../../standalone_bsp_0/microblaze_0/include -mxl-barrel-shift -mxl-pattern-compare -mcpu=v8.50.c -mno-xl-soft-mul -Wl,--no-relax -ffunction-sections -fdata-sections -MMD -MP -MF"src/main.d" -MT"src/main.d" -o "src/main.o" "../src/main.c"
../src/main.c: In function 'main':
../src/main.c:52:42: warning: operation on 'buffer' may be undefined [-Wsequence-point]
Finished building: ../src/main.c
 
Building target: bla.elf
Invoking: MicroBlaze gcc linker
mb-gcc -Wl,-T -Wl,../src/lscript.ld -L../../standalone_bsp_0/microblaze_0/lib -mxl-barrel-shift -mxl-pattern-compare -mcpu=v8.50.c -mno-xl-soft-mul -Wl,--no-relax -Wl,--gc-sections -o "bla.elf"  ./src/main.o   -Wl,--start-group,-lxil,-lgcc,-lc,--end-group
Finished building target: bla.elf
 
Invoking: MicroBlaze Print Size
mb-size bla.elf  |tee "bla.elf.size"
   text	   data	    bss	    dec	    hex	filename
   7438	    296	   2128	   9862	   2686	bla.elf
Finished building: bla.elf.size
 
Invoking: Xilinx ELF Check
elfcheck bla.elf -hw ../../P3_hw_platform/system.xml -pe microblaze_0  |tee "bla.elf.elfcheck"
elfcheck
Xilinx EDK 14.7 Build EDK_P.20131013
Copyright (c) 1995-2012 Xilinx, Inc.  All rights reserved.

Command Line: elfcheck -hw ../../P3_hw_platform/system.xml -pe microblaze_0
bla.elf 

ELF file	: bla.elf
elfcheck passed.
Finished building: bla.elf.elfcheck
 
14:52:34 **** Auto Build of configuration Debug for project bla ****
make all 
Building file: ../src/main.c
Invoking: MicroBlaze gcc compiler
mb-gcc -Wall -O0 -g3 -c -fmessage-length=0 -I../../standalone_bsp_0/microblaze_0/include -mxl-barrel-shift -mxl-pattern-compare -mcpu=v8.50.c -mno-xl-soft-mul -Wl,--no-relax -ffunction-sections -fdata-sections -MMD -MP -MF"src/main.d" -MT"src/main.d" -o "src/main.o" "../src/main.c"
../src/main.c: In function 'main':
../src/main.c:52:42: warning: operation on 'buffer' may be undefined [-Wsequence-point]
Finished building: ../src/main.c
 
Building target: bla.elf
Invoking: MicroBlaze gcc linker
mb-gcc -Wl,-T -Wl,../src/lscript.ld -L../../standalone_bsp_0/microblaze_0/lib -mxl-barrel-shift -mxl-pattern-compare -mcpu=v8.50.c -mno-xl-soft-mul -Wl,--no-relax -Wl,--gc-sections -o "bla.elf"  ./src/main.o   -Wl,--start-group,-lxil,-lgcc,-lc,--end-group
Finished building target: bla.elf
 
Invoking: MicroBlaze Print Size
mb-size bla.elf  |tee "bla.elf.size"
   text	   data	    bss	    dec	    hex	filename
   7438	    296	   2128	   9862	   2686	bla.elf
Finished building: bla.elf.size
 
Invoking: Xilinx ELF Check
elfcheck bla.elf -hw ../../P3_hw_platform/system.xml -pe microblaze_0  |tee "bla.elf.elfcheck"
elfcheck
Xilinx EDK 14.7 Build EDK_P.20131013
Copyright (c) 1995-2012 Xilinx, Inc.  All rights reserved.

Command Line: elfcheck -hw ../../P3_hw_platform/system.xml -pe microblaze_0
bla.elf 

ELF file	: bla.elf
elfcheck passed.
Finished building: bla.elf.elfcheck
 
10:16:14 **** Auto Build of project standalone_bsp_0 ****
make -k all 
Finished building libraries
10:16:42 **** Auto Build of project standalone_bsp_0 ****
make -k all 
Finished building libraries
10:19:16 **** Auto Build of configuration Debug for project bla ****
make all 
Building file: ../src/main.c
Invoking: MicroBlaze gcc compiler
mb-gcc -Wall -O0 -g3 -c -fmessage-length=0 -I../../standalone_bsp_0/microblaze_0/include -mxl-barrel-shift -mxl-pattern-compare -mcpu=v8.50.c -mno-xl-soft-mul -Wl,--no-relax -ffunction-sections -fdata-sections -MMD -MP -MF"src/main.d" -MT"src/main.d" -o "src/main.o" "../src/main.c"
../src/main.c: In function 'main':
../src/main.c:19:9: warning: unused variable 'i' [-Wunused-variable]
../src/main.c:17:8: warning: unused variable 'recv_buffer' [-Wunused-variable]
../src/main.c: In function 'recieve_frame':
../src/main.c:49:37: error: 'recv_buffer' undeclared (first use in this function)
../src/main.c:49:37: note: each undeclared identifier is reported only once for each function it appears in
../src/main.c:58:6: error: 'i' undeclared (first use in this function)
../src/main.c:59:36: warning: operation on 'buffer' may be undefined [-Wsequence-point]
make: *** [src/main.o] Error 1
10:19:19 **** Auto Build of configuration Debug for project bla ****
make all 
Building file: ../src/main.c
Invoking: MicroBlaze gcc compiler
mb-gcc -Wall -O0 -g3 -c -fmessage-length=0 -I../../standalone_bsp_0/microblaze_0/include -mxl-barrel-shift -mxl-pattern-compare -mcpu=v8.50.c -mno-xl-soft-mul -Wl,--no-relax -ffunction-sections -fdata-sections -MMD -MP -MF"src/main.d" -MT"src/main.d" -o "src/main.o" "../src/main.c"
../src/main.c: In function 'main':
../src/main.c:19:9: warning: unused variable 'i' [-Wunused-variable]
../src/main.c:17:8: warning: unused variable 'recv_buffer' [-Wunused-variable]
../src/main.c: In function 'recieve_frame':
../src/main.c:49:37: error: 'recv_buffer' undeclared (first use in this function)
../src/main.c:49:37: note: each undeclared identifier is reported only once for each function it appears in
../src/main.c:58:6: error: 'i' undeclared (first use in this function)
../src/main.c:59:36: warning: operation on 'buffer' may be undefined [-Wsequence-point]
make: *** [src/main.o] Error 1
10:20:25 **** Auto Build of configuration Debug for project bla ****
make all 
Building file: ../src/main.c
Invoking: MicroBlaze gcc compiler
mb-gcc -Wall -O0 -g3 -c -fmessage-length=0 -I../../standalone_bsp_0/microblaze_0/include -mxl-barrel-shift -mxl-pattern-compare -mcpu=v8.50.c -mno-xl-soft-mul -Wl,--no-relax -ffunction-sections -fdata-sections -MMD -MP -MF"src/main.d" -MT"src/main.d" -o "src/main.o" "../src/main.c"
../src/main.c: In function 'main':
../src/main.c:19:9: warning: unused variable 'i' [-Wunused-variable]
../src/main.c:17:8: warning: unused variable 'recv_buffer' [-Wunused-variable]
../src/main.c: In function 'recieve_frame':
../src/main.c:58:6: error: 'i' undeclared (first use in this function)
../src/main.c:58:6: note: each undeclared identifier is reported only once for each function it appears in
../src/main.c:59:36: warning: operation on 'buffer' may be undefined [-Wsequence-point]
make: *** [src/main.o] Error 1
10:20:43 **** Auto Build of configuration Debug for project bla ****
make all 
Building file: ../src/main.c
Invoking: MicroBlaze gcc compiler
mb-gcc -Wall -O0 -g3 -c -fmessage-length=0 -I../../standalone_bsp_0/microblaze_0/include -mxl-barrel-shift -mxl-pattern-compare -mcpu=v8.50.c -mno-xl-soft-mul -Wl,--no-relax -ffunction-sections -fdata-sections -MMD -MP -MF"src/main.d" -MT"src/main.d" -o "src/main.o" "../src/main.c"
../src/main.c: In function 'main':
../src/main.c:19:9: warning: unused variable 'i' [-Wunused-variable]
../src/main.c:17:8: warning: unused variable 'recv_buffer' [-Wunused-variable]
../src/main.c: In function 'recieve_frame':
../src/main.c:58:2: error: 'for' loop initial declarations are only allowed in C99 mode
../src/main.c:58:2: note: use option -std=c99 or -std=gnu99 to compile your code
../src/main.c:59:36: warning: operation on 'buffer' may be undefined [-Wsequence-point]
make: *** [src/main.o] Error 1
10:20:51 **** Auto Build of configuration Debug for project bla ****
make all 
Building file: ../src/main.c
Invoking: MicroBlaze gcc compiler
[...]
firmware.elf 

ELF file	: firmware.elf
elfcheck passed.
Finished building: firmware.elf.elfcheck
 
13:33:34 **** Auto Build of project standalone_bsp_0 ****
make -k all 
Finished building libraries
13:35:23 **** Auto Build of configuration Debug for project firmware ****
make all 
Building file: ../src/main.c
Invoking: MicroBlaze gcc compiler
mb-gcc -Wall -O0 -g3 -c -fmessage-length=0 -I../../standalone_bsp_0/microblaze_0/include -mxl-barrel-shift -mxl-pattern-compare -mcpu=v8.50.c -mno-xl-soft-mul -Wl,--no-relax -ffunction-sections -fdata-sections -MMD -MP -MF"src/main.d" -MT"src/main.d" -o "src/main.o" "../src/main.c"
Finished building: ../src/main.c
 
Building target: firmware.elf
Invoking: MicroBlaze gcc linker
mb-gcc -Wl,-T -Wl,../src/lscript.ld -L../../standalone_bsp_0/microblaze_0/lib -mxl-barrel-shift -mxl-pattern-compare -mcpu=v8.50.c -mno-xl-soft-mul -Wl,--no-relax -Wl,--gc-sections -o "firmware.elf"  ./src/main.o   -Wl,--start-group,-lxil,-lgcc,-lc,--end-group
Finished building target: firmware.elf
 
Invoking: MicroBlaze Print Size
mb-size firmware.elf  |tee "firmware.elf.size"
   text	   data	    bss	    dec	    hex	filename
  10574	    304	   2128	  13006	   32ce	firmware.elf
Finished building: firmware.elf.size
 
Invoking: Xilinx ELF Check
elfcheck firmware.elf -hw ../../P3_hw_platform/system.xml -pe microblaze_0  |tee "firmware.elf.elfcheck"
elfcheck
Xilinx EDK 14.7 Build EDK_P.20131013
Copyright (c) 1995-2012 Xilinx, Inc.  All rights reserved.

Command Line: elfcheck -hw ../../P3_hw_platform/system.xml -pe microblaze_0
firmware.elf 

ELF file	: firmware.elf
elfcheck passed.
Finished building: firmware.elf.elfcheck
 
13:35:30 **** Auto Build of project standalone_bsp_0 ****
make -k all 
Finished building libraries
13:35:48 **** Auto Build of configuration Debug for project firmware ****
make all 
Building file: ../src/main.c
Invoking: MicroBlaze gcc compiler
mb-gcc -Wall -O0 -g3 -c -fmessage-length=0 -I../../standalone_bsp_0/microblaze_0/include -mxl-barrel-shift -mxl-pattern-compare -mcpu=v8.50.c -mno-xl-soft-mul -Wl,--no-relax -ffunction-sections -fdata-sections -MMD -MP -MF"src/main.d" -MT"src/main.d" -o "src/main.o" "../src/main.c"
Finished building: ../src/main.c
 
Building target: firmware.elf
Invoking: MicroBlaze gcc linker
mb-gcc -Wl,-T -Wl,../src/lscript.ld -L../../standalone_bsp_0/microblaze_0/lib -mxl-barrel-shift -mxl-pattern-compare -mcpu=v8.50.c -mno-xl-soft-mul -Wl,--no-relax -Wl,--gc-sections -o "firmware.elf"  ./src/main.o   -Wl,--start-group,-lxil,-lgcc,-lc,--end-group
Finished building target: firmware.elf
 
Invoking: MicroBlaze Print Size
mb-size firmware.elf  |tee "firmware.elf.size"
   text	   data	    bss	    dec	    hex	filename
  10574	    304	   2128	  13006	   32ce	firmware.elf
Finished building: firmware.elf.size
 
Invoking: Xilinx ELF Check
elfcheck firmware.elf -hw ../../P3_hw_platform/system.xml -pe microblaze_0  |tee "firmware.elf.elfcheck"
elfcheck
Xilinx EDK 14.7 Build EDK_P.20131013
Copyright (c) 1995-2012 Xilinx, Inc.  All rights reserved.

Command Line: elfcheck -hw ../../P3_hw_platform/system.xml -pe microblaze_0
firmware.elf 

ELF file	: firmware.elf
elfcheck passed.
Finished building: firmware.elf.elfcheck
 
13:35:55 **** Auto Build of configuration Debug for project firmware ****
make all 
Building file: ../src/main.c
Invoking: MicroBlaze gcc compiler
mb-gcc -Wall -O0 -g3 -c -fmessage-length=0 -I../../standalone_bsp_0/microblaze_0/include -mxl-barrel-shift -mxl-pattern-compare -mcpu=v8.50.c -mno-xl-soft-mul -Wl,--no-relax -ffunction-sections -fdata-sections -MMD -MP -MF"src/main.d" -MT"src/main.d" -o "src/main.o" "../src/main.c"
Finished building: ../src/main.c
 
Building target: firmware.elf
Invoking: MicroBlaze gcc linker
mb-gcc -Wl,-T -Wl,../src/lscript.ld -L../../standalone_bsp_0/microblaze_0/lib -mxl-barrel-shift -mxl-pattern-compare -mcpu=v8.50.c -mno-xl-soft-mul -Wl,--no-relax -Wl,--gc-sections -o "firmware.elf"  ./src/main.o   -Wl,--start-group,-lxil,-lgcc,-lc,--end-group
Finished building target: firmware.elf
 
Invoking: MicroBlaze Print Size
mb-size firmware.elf  |tee "firmware.elf.size"
   text	   data	    bss	    dec	    hex	filename
  10574	    304	   2128	  13006	   32ce	firmware.elf
Finished building: firmware.elf.size
 
Invoking: Xilinx ELF Check
elfcheck firmware.elf -hw ../../P3_hw_platform/system.xml -pe microblaze_0  |tee "firmware.elf.elfcheck"
elfcheck
Xilinx EDK 14.7 Build EDK_P.20131013
Copyright (c) 1995-2012 Xilinx, Inc.  All rights reserved.

Command Line: elfcheck -hw ../../P3_hw_platform/system.xml -pe microblaze_0
firmware.elf 

ELF file	: firmware.elf
elfcheck passed.
Finished building: firmware.elf.elfcheck
 
13:36:09 **** Auto Build of project standalone_bsp_0 ****
make -k all 
Finished building libraries
13:36:21 **** Auto Build of configuration Debug for project firmware ****
make all 
Building file: ../src/main.c
Invoking: MicroBlaze gcc compiler
mb-gcc -Wall -O0 -g3 -c -fmessage-length=0 -I../../standalone_bsp_0/microblaze_0/include -mxl-barrel-shift -mxl-pattern-compare -mcpu=v8.50.c -mno-xl-soft-mul -Wl,--no-relax -ffunction-sections -fdata-sections -MMD -MP -MF"src/main.d" -MT"src/main.d" -o "src/main.o" "../src/main.c"
Finished building: ../src/main.c
 
Building target: firmware.elf
Invoking: MicroBlaze gcc linker
mb-gcc -Wl,-T -Wl,../src/lscript.ld -L../../standalone_bsp_0/microblaze_0/lib -mxl-barrel-shift -mxl-pattern-compare -mcpu=v8.50.c -mno-xl-soft-mul -Wl,--no-relax -Wl,--gc-sections -o "firmware.elf"  ./src/main.o   -Wl,--start-group,-lxil,-lgcc,-lc,--end-group
Finished building target: firmware.elf
 
Invoking: MicroBlaze Print Size
mb-size firmware.elf  |tee "firmware.elf.size"
   text	   data	    bss	    dec	    hex	filename
  10570	    304	   2134	  13008	   32d0	firmware.elf
Finished building: firmware.elf.size
 
Invoking: Xilinx ELF Check
elfcheck firmware.elf -hw ../../P3_hw_platform/system.xml -pe microblaze_0  |tee "firmware.elf.elfcheck"
elfcheck
Xilinx EDK 14.7 Build EDK_P.20131013
Copyright (c) 1995-2012 Xilinx, Inc.  All rights reserved.

Command Line: elfcheck -hw ../../P3_hw_platform/system.xml -pe microblaze_0
firmware.elf 

ELF file	: firmware.elf
elfcheck passed.
Finished building: firmware.elf.elfcheck
 
13:36:27 **** Auto Build of configuration Debug for project firmware ****
make all 
Building file: ../src/main.c
Invoking: MicroBlaze gcc compiler
mb-gcc -Wall -O0 -g3 -c -fmessage-length=0 -I../../standalone_bsp_0/microblaze_0/include -mxl-barrel-shift -mxl-pattern-compare -mcpu=v8.50.c -mno-xl-soft-mul -Wl,--no-relax -ffunction-sections -fdata-sections -MMD -MP -MF"src/main.d" -MT"src/main.d" -o "src/main.o" "../src/main.c"
Finished building: ../src/main.c
 
Building target: firmware.elf
Invoking: MicroBlaze gcc linker
mb-gcc -Wl,-T -Wl,../src/lscript.ld -L../../standalone_bsp_0/microblaze_0/lib -mxl-barrel-shift -mxl-pattern-compare -mcpu=v8.50.c -mno-xl-soft-mul -Wl,--no-relax -Wl,--gc-sections -o "firmware.elf"  ./src/main.o   -Wl,--start-group,-lxil,-lgcc,-lc,--end-group
Finished building target: firmware.elf
 
Invoking: MicroBlaze Print Size
mb-size firmware.elf  |tee "firmware.elf.size"
   text	   data	    bss	    dec	    hex	filename
  10570	    304	   2134	  13008	   32d0	firmware.elf
Finished building: firmware.elf.size
 
Invoking: Xilinx ELF Check
elfcheck firmware.elf -hw ../../P3_hw_platform/system.xml -pe microblaze_0  |tee "firmware.elf.elfcheck"
elfcheck
Xilinx EDK 14.7 Build EDK_P.20131013
Copyright (c) 1995-2012 Xilinx, Inc.  All rights reserved.

Command Line: elfcheck -hw ../../P3_hw_platform/system.xml -pe microblaze_0
firmware.elf 

ELF file	: firmware.elf
elfcheck passed.
Finished building: firmware.elf.elfcheck
 
13:36:34 **** Auto Build of project standalone_bsp_0 ****
make -k all 
Finished building libraries
13:37:47 **** Auto Build of configuration Debug for project firmware ****
make all 
Building file: ../src/main.c
Invoking: MicroBlaze gcc compiler
mb-gcc -Wall -O0 -g3 -c -fmessage-length=0 -I../../standalone_bsp_0/microblaze_0/include -mxl-barrel-shift -mxl-pattern-compare -mcpu=v8.50.c -mno-xl-soft-mul -Wl,--no-relax -ffunction-sections -fdata-sections -MMD -MP -MF"src/main.d" -MT"src/main.d" -o "src/main.o" "../src/main.c"
Finished building: ../src/main.c
 
Building target: firmware.elf
Invoking: MicroBlaze gcc linker
mb-gcc -Wl,-T -Wl,../src/lscript.ld -L../../standalone_bsp_0/microblaze_0/lib -mxl-barrel-shift -mxl-pattern-compare -mcpu=v8.50.c -mno-xl-soft-mul -Wl,--no-relax -Wl,--gc-sections -o "firmware.elf"  ./src/main.o   -Wl,--start-group,-lxil,-lgcc,-lc,--end-group
Finished building target: firmware.elf
 
Invoking: MicroBlaze Print Size
mb-size firmware.elf  |tee "firmware.elf.size"
   text	   data	    bss	    dec	    hex	filename
  10626	    304	   2134	  13064	   3308	firmware.elf
Finished building: firmware.elf.size
 
Invoking: Xilinx ELF Check
elfcheck firmware.elf -hw ../../P3_hw_platform/system.xml -pe microblaze_0  |tee "firmware.elf.elfcheck"
elfcheck
Xilinx EDK 14.7 Build EDK_P.20131013
Copyright (c) 1995-2012 Xilinx, Inc.  All rights reserved.

Command Line: elfcheck -hw ../../P3_hw_platform/system.xml -pe microblaze_0
firmware.elf 

ELF file	: firmware.elf
elfcheck passed.
Finished building: firmware.elf.elfcheck
 
13:37:51 **** Auto Build of project standalone_bsp_0 ****
make -k all 
Finished building libraries
13:38:40 **** Auto Build of configuration Debug for project firmware ****
make all 
Building file: ../src/main.c
Invoking: MicroBlaze gcc compiler
mb-gcc -Wall -O0 -g3 -c -fmessage-length=0 -I../../standalone_bsp_0/microblaze_0/include -mxl-barrel-shift -mxl-pattern-compare -mcpu=v8.50.c -mno-xl-soft-mul -Wl,--no-relax -ffunction-sections -fdata-sections -MMD -MP -MF"src/main.d" -MT"src/main.d" -o "src/main.o" "../src/main.c"
Finished building: ../src/main.c
 
Building target: firmware.elf
Invoking: MicroBlaze gcc linker
mb-gcc -Wl,-T -Wl,../src/lscript.ld -L../../standalone_bsp_0/microblaze_0/lib -mxl-barrel-shift -mxl-pattern-compare -mcpu=v8.50.c -mno-xl-soft-mul -Wl,--no-relax -Wl,--gc-sections -o "firmware.elf"  ./src/main.o   -Wl,--start-group,-lxil,-lgcc,-lc,--end-group
Finished building target: firmware.elf
 
Invoking: MicroBlaze Print Size
mb-size firmware.elf  |tee "firmware.elf.size"
   text	   data	    bss	    dec	    hex	filename
  10626	    304	   2134	  13064	   3308	firmware.elf
Finished building: firmware.elf.size
 
Invoking: Xilinx ELF Check
elfcheck firmware.elf -hw ../../P3_hw_platform/system.xml -pe microblaze_0  |tee "firmware.elf.elfcheck"
elfcheck
Xilinx EDK 14.7 Build EDK_P.20131013
Copyright (c) 1995-2012 Xilinx, Inc.  All rights reserved.

Command Line: elfcheck -hw ../../P3_hw_platform/system.xml -pe microblaze_0
firmware.elf 

ELF file	: firmware.elf
elfcheck passed.
Finished building: firmware.elf.elfcheck
 
13:41:11 **** Auto Build of configuration Debug for project firmware ****
make all 
Building file: ../src/main.c
Invoking: MicroBlaze gcc compiler
mb-gcc -Wall -O0 -g3 -c -fmessage-length=0 -I../../standalone_bsp_0/microblaze_0/include -mxl-barrel-shift -mxl-pattern-compare -mcpu=v8.50.c -mno-xl-soft-mul -Wl,--no-relax -ffunction-sections -fdata-sections -MMD -MP -MF"src/main.d" -MT"src/main.d" -o "src/main.o" "../src/main.c"
../src/main.c: In function 'eth_process_recieved_frame':
../src/main.c:120:3: warning: 'return' with no value, in function returning non-void [-Wreturn-type]
Finished building: ../src/main.c
 
Building target: firmware.elf
Invoking: MicroBlaze gcc linker
mb-gcc -Wl,-T -Wl,../src/lscript.ld -L../../standalone_bsp_0/microblaze_0/lib -mxl-barrel-shift -mxl-pattern-compare -mcpu=v8.50.c -mno-xl-soft-mul -Wl,--no-relax -Wl,--gc-sections -o "firmware.elf"  ./src/main.o   -Wl,--start-group,-lxil,-lgcc,-lc,--end-group
Finished building target: firmware.elf
 
Invoking: MicroBlaze Print Size
mb-size firmware.elf  |tee "firmware.elf.size"
   text	   data	    bss	    dec	    hex	filename
  10618	    304	   2134	  13056	   3300	firmware.elf
Finished building: firmware.elf.size
 
Invoking: Xilinx ELF Check
elfcheck firmware.elf -hw ../../P3_hw_platform/system.xml -pe microblaze_0  |tee "firmware.elf.elfcheck"
elfcheck
Xilinx EDK 14.7 Build EDK_P.20131013
Copyright (c) 1995-2012 Xilinx, Inc.  All rights reserved.

Command Line: elfcheck -hw ../../P3_hw_platform/system.xml -pe microblaze_0
firmware.elf 

ELF file	: firmware.elf
elfcheck passed.
Finished building: firmware.elf.elfcheck
 
13:41:30 **** Auto Build of configuration Debug for project firmware ****
make all 
Building file: ../src/main.c
Invoking: MicroBlaze gcc compiler
mb-gcc -Wall -O0 -g3 -c -fmessage-length=0 -I../../standalone_bsp_0/microblaze_0/include -mxl-barrel-shift -mxl-pattern-compare -mcpu=v8.50.c -mno-xl-soft-mul -Wl,--no-relax -ffunction-sections -fdata-sections -MMD -MP -MF"src/main.d" -MT"src/main.d" -o "src/main.o" "../src/main.c"
Finished building: ../src/main.c
 
Building target: firmware.elf
Invoking: MicroBlaze gcc linker
mb-gcc -Wl,-T -Wl,../src/lscript.ld -L../../standalone_bsp_0/microblaze_0/lib -mxl-barrel-shift -mxl-pattern-compare -mcpu=v8.50.c -mno-xl-soft-mul -Wl,--no-relax -Wl,--gc-sections -o "firmware.elf"  ./src/main.o   -Wl,--start-group,-lxil,-lgcc,-lc,--end-group
Finished building target: firmware.elf
 
Invoking: MicroBlaze Print Size
mb-size firmware.elf  |tee "firmware.elf.size"
   text	   data	    bss	    dec	    hex	filename
  10622	    304	   2128	  13054	   32fe	firmware.elf
Finished building: firmware.elf.size
 
Invoking: Xilinx ELF Check
elfcheck firmware.elf -hw ../../P3_hw_platform/system.xml -pe microblaze_0  |tee "firmware.elf.elfcheck"
elfcheck
Xilinx EDK 14.7 Build EDK_P.20131013
Copyright (c) 1995-2012 Xilinx, Inc.  All rights reserved.

Command Line: elfcheck -hw ../../P3_hw_platform/system.xml -pe microblaze_0
firmware.elf 

ELF file	: firmware.elf
elfcheck passed.
Finished building: firmware.elf.elfcheck
 
13:41:32 **** Auto Build of project standalone_bsp_0 ****
make -k all 
Finished building libraries
12:45:55 **** Auto Build of project standalone_bsp_0 ****
make -k all 
Finished building libraries
12:50:11 **** Auto Build of configuration Debug for project firmware ****
make all 
Building file: ../src/main.c
Invoking: MicroBlaze gcc compiler
mb-gcc -Wall -O0 -g3 -c -fmessage-length=0 -I../../standalone_bsp_0/microblaze_0/include -mxl-barrel-shift -mxl-pattern-compare -mcpu=v8.50.c -mno-xl-soft-mul -Wl,--no-relax -ffunction-sections -fdata-sections -MMD -MP -MF"src/main.d" -MT"src/main.d" -o "src/main.o" "../src/main.c"
Finished building: ../src/main.c
 
Building target: firmware.elf
Invoking: MicroBlaze gcc linker
mb-gcc -Wl,-T -Wl,../src/lscript.ld -L../../standalone_bsp_0/microblaze_0/lib -mxl-barrel-shift -mxl-pattern-compare -mcpu=v8.50.c -mno-xl-soft-mul -Wl,--no-relax -Wl,--gc-sections -o "firmware.elf"  ./src/main.o   -Wl,--start-group,-lxil,-lgcc,-lc,--end-group
Finished building target: firmware.elf
 
Invoking: MicroBlaze Print Size
mb-size firmware.elf  |tee "firmware.elf.size"
   text	   data	    bss	    dec	    hex	filename
  10642	    304	   2134	  13080	   3318	firmware.elf
Finished building: firmware.elf.size
 
Invoking: Xilinx ELF Check
elfcheck firmware.elf -hw ../../P3_hw_platform/system.xml -pe microblaze_0  |tee "firmware.elf.elfcheck"
elfcheck
Xilinx EDK 14.7 Build EDK_P.20131013
Copyright (c) 1995-2012 Xilinx, Inc.  All rights reserved.

Command Line: elfcheck -hw ../../P3_hw_platform/system.xml -pe microblaze_0
firmware.elf 

ELF file	: firmware.elf
elfcheck passed.
Finished building: firmware.elf.elfcheck
 
12:50:20 **** Auto Build of project standalone_bsp_0 ****
make -k all 
Finished building libraries
12:51:25 **** Auto Build of configuration Debug for project firmware ****
make all 
Building file: ../src/main.c
Invoking: MicroBlaze gcc compiler
mb-gcc -Wall -O0 -g3 -c -fmessage-length=0 -I../../standalone_bsp_0/microblaze_0/include -mxl-barrel-shift -mxl-pattern-compare -mcpu=v8.50.c -mno-xl-soft-mul -Wl,--no-relax -ffunction-sections -fdata-sections -MMD -MP -MF"src/main.d" -MT"src/main.d" -o "src/main.o" "../src/main.c"
Finished building: ../src/main.c
 
Building target: firmware.elf
Invoking: MicroBlaze gcc linker
mb-gcc -Wl,-T -Wl,../src/lscript.ld -L../../standalone_bsp_0/microblaze_0/lib -mxl-barrel-shift -mxl-pattern-compare -mcpu=v8.50.c -mno-xl-soft-mul -Wl,--no-relax -Wl,--gc-sections -o "firmware.elf"  ./src/main.o   -Wl,--start-group,-lxil,-lgcc,-lc,--end-group
Finished building target: firmware.elf
 
Invoking: MicroBlaze Print Size
mb-size firmware.elf  |tee "firmware.elf.size"
   text	   data	    bss	    dec	    hex	filename
  10622	    304	   2128	  13054	   32fe	firmware.elf
Finished building: firmware.elf.size
 
Invoking: Xilinx ELF Check
elfcheck firmware.elf -hw ../../P3_hw_platform/system.xml -pe microblaze_0  |tee "firmware.elf.elfcheck"
elfcheck
Xilinx EDK 14.7 Build EDK_P.20131013
Copyright (c) 1995-2012 Xilinx, Inc.  All rights reserved.

Command Line: elfcheck -hw ../../P3_hw_platform/system.xml -pe microblaze_0
firmware.elf 

ELF file	: firmware.elf
elfcheck passed.
Finished building: firmware.elf.elfcheck
 
12:51:41 **** Auto Build of configuration Debug for project firmware ****
make all 
Building file: ../src/main.c
Invoking: MicroBlaze gcc compiler
mb-gcc -Wall -O0 -g3 -c -fmessage-length=0 -I../../standalone_bsp_0/microblaze_0/include -mxl-barrel-shift -mxl-pattern-compare -mcpu=v8.50.c -mno-xl-soft-mul -Wl,--no-relax -ffunction-sections -fdata-sections -MMD -MP -MF"src/main.d" -MT"src/main.d" -o "src/main.o" "../src/main.c"
Finished building: ../src/main.c
 
Building target: firmware.elf
Invoking: MicroBlaze gcc linker
mb-gcc -Wl,-T -Wl,../src/lscript.ld -L../../standalone_bsp_0/microblaze_0/lib -mxl-barrel-shift -mxl-pattern-compare -mcpu=v8.50.c -mno-xl-soft-mul -Wl,--no-relax -Wl,--gc-sections -o "firmware.elf"  ./src/main.o   -Wl,--start-group,-lxil,-lgcc,-lc,--end-group
Finished building target: firmware.elf
 
Invoking: MicroBlaze Print Size
mb-size firmware.elf  |tee "firmware.elf.size"
   text	   data	    bss	    dec	    hex	filename
  10674	    304	   2134	  13112	   3338	firmware.elf
Finished building: firmware.elf.size
 
Invoking: Xilinx ELF Check
elfcheck firmware.elf -hw ../../P3_hw_platform/system.xml -pe microblaze_0  |tee "firmware.elf.elfcheck"
elfcheck
Xilinx EDK 14.7 Build EDK_P.20131013
Copyright (c) 1995-2012 Xilinx, Inc.  All rights reserved.

Command Line: elfcheck -hw ../../P3_hw_platform/system.xml -pe microblaze_0
firmware.elf 

ELF file	: firmware.elf
elfcheck passed.
Finished building: firmware.elf.elfcheck
 
12:51:48 **** Auto Build of project standalone_bsp_0 ****
make -k all 
Finished building libraries
15:45:26 **** Auto Build of configuration Debug for project firmware ****
make all 
Building file: ../src/main.c
Invoking: MicroBlaze gcc compiler
mb-gcc -Wall -O0 -g3 -c -fmessage-length=0 -I../../standalone_bsp_0/microblaze_0/include -mxl-barrel-shift -mxl-pattern-compare -mcpu=v8.50.c -mno-xl-soft-mul -Wl,--no-relax -ffunction-sections -fdata-sections -MMD -MP -MF"src/main.d" -MT"src/main.d" -o "src/main.o" "../src/main.c"
../src/main.c: In function 'main':
../src/main.c:218:3: warning: implicit declaration of function 'hex_to_binary' [-Wimplicit-function-declaration]
Finished building: ../src/main.c
 
Building target: firmware.elf
Invoking: MicroBlaze gcc linker
mb-gcc -Wl,-T -Wl,../src/lscript.ld -L../../standalone_bsp_0/microblaze_0/lib -mxl-barrel-shift -mxl-pattern-compare -mcpu=v8.50.c -mno-xl-soft-mul -Wl,--no-relax -Wl,--gc-sections -o "firmware.elf"  ./src/main.o   -Wl,--start-group,-lxil,-lgcc,-lc,--end-group
./src/main.o: In function `main':
/usr/userfs/a/az579/Workspace/EMBS/FPGA/P3/firmware/Debug/../src/main.c:218: undefined reference to `hex_to_binary'
/usr/userfs/a/az579/Workspace/EMBS/FPGA/P3/firmware/Debug/../src/main.c:222: undefined reference to `hex_to_binary'
collect2: ld returned 1 exit status
make: *** [firmware.elf] Error 1
